Archive member included to satisfy reference by file (symbol)

/Applications/STM32CubeIDE.app/Contents/Eclipse/plugins/com.st.stm32cube.ide.mcu.externaltools.gnu-tools-for-stm32.10.3-2021.10.macos64_1.0.0.202111181127/tools/bin/../lib/gcc/arm-none-eabi/10.3.1/../../../../arm-none-eabi/lib/thumb/v7e-m+dp/hard/libc.a(lib_a-assert.o)
                              ./Core/Src/Benchmark/Raw_Storage/test_MRAM.o (__assert_func)
/Applications/STM32CubeIDE.app/Contents/Eclipse/plugins/com.st.stm32cube.ide.mcu.externaltools.gnu-tools-for-stm32.10.3-2021.10.macos64_1.0.0.202111181127/tools/bin/../lib/gcc/arm-none-eabi/10.3.1/../../../../arm-none-eabi/lib/thumb/v7e-m+dp/hard/libc.a(lib_a-errno.o)
                              ./Core/Src/syscalls.o (__errno)
/Applications/STM32CubeIDE.app/Contents/Eclipse/plugins/com.st.stm32cube.ide.mcu.externaltools.gnu-tools-for-stm32.10.3-2021.10.macos64_1.0.0.202111181127/tools/bin/../lib/gcc/arm-none-eabi/10.3.1/../../../../arm-none-eabi/lib/thumb/v7e-m+dp/hard/libc.a(lib_a-exit.o)
                              /Applications/STM32CubeIDE.app/Contents/Eclipse/plugins/com.st.stm32cube.ide.mcu.externaltools.gnu-tools-for-stm32.10.3-2021.10.macos64_1.0.0.202111181127/tools/bin/../lib/gcc/arm-none-eabi/10.3.1/../../../../arm-none-eabi/lib/thumb/v7e-m+dp/hard/crt0.o (exit)
/Applications/STM32CubeIDE.app/Contents/Eclipse/plugins/com.st.stm32cube.ide.mcu.externaltools.gnu-tools-for-stm32.10.3-2021.10.macos64_1.0.0.202111181127/tools/bin/../lib/gcc/arm-none-eabi/10.3.1/../../../../arm-none-eabi/lib/thumb/v7e-m+dp/hard/libc.a(lib_a-fflush.o)
                              ./Core/Src/Hash_Table/clht_lb_mram.o (fflush)
/Applications/STM32CubeIDE.app/Contents/Eclipse/plugins/com.st.stm32cube.ide.mcu.externaltools.gnu-tools-for-stm32.10.3-2021.10.macos64_1.0.0.202111181127/tools/bin/../lib/gcc/arm-none-eabi/10.3.1/../../../../arm-none-eabi/lib/thumb/v7e-m+dp/hard/libc.a(lib_a-findfp.o)
                              /Applications/STM32CubeIDE.app/Contents/Eclipse/plugins/com.st.stm32cube.ide.mcu.externaltools.gnu-tools-for-stm32.10.3-2021.10.macos64_1.0.0.202111181127/tools/bin/../lib/gcc/arm-none-eabi/10.3.1/../../../../arm-none-eabi/lib/thumb/v7e-m+dp/hard/libc.a(lib_a-fflush.o) (__sinit)
/Applications/STM32CubeIDE.app/Contents/Eclipse/plugins/com.st.stm32cube.ide.mcu.externaltools.gnu-tools-for-stm32.10.3-2021.10.macos64_1.0.0.202111181127/tools/bin/../lib/gcc/arm-none-eabi/10.3.1/../../../../arm-none-eabi/lib/thumb/v7e-m+dp/hard/libc.a(lib_a-fiprintf.o)
                              /Applications/STM32CubeIDE.app/Contents/Eclipse/plugins/com.st.stm32cube.ide.mcu.externaltools.gnu-tools-for-stm32.10.3-2021.10.macos64_1.0.0.202111181127/tools/bin/../lib/gcc/arm-none-eabi/10.3.1/../../../../arm-none-eabi/lib/thumb/v7e-m+dp/hard/libc.a(lib_a-assert.o) (fiprintf)
/Applications/STM32CubeIDE.app/Contents/Eclipse/plugins/com.st.stm32cube.ide.mcu.externaltools.gnu-tools-for-stm32.10.3-2021.10.macos64_1.0.0.202111181127/tools/bin/../lib/gcc/arm-none-eabi/10.3.1/../../../../arm-none-eabi/lib/thumb/v7e-m+dp/hard/libc.a(lib_a-freer.o)
                              /Applications/STM32CubeIDE.app/Contents/Eclipse/plugins/com.st.stm32cube.ide.mcu.externaltools.gnu-tools-for-stm32.10.3-2021.10.macos64_1.0.0.202111181127/tools/bin/../lib/gcc/arm-none-eabi/10.3.1/../../../../arm-none-eabi/lib/thumb/v7e-m+dp/hard/libc.a(lib_a-fflush.o) (_free_r)
/Applications/STM32CubeIDE.app/Contents/Eclipse/plugins/com.st.stm32cube.ide.mcu.externaltools.gnu-tools-for-stm32.10.3-2021.10.macos64_1.0.0.202111181127/tools/bin/../lib/gcc/arm-none-eabi/10.3.1/../../../../arm-none-eabi/lib/thumb/v7e-m+dp/hard/libc.a(lib_a-fwalk.o)
                              /Applications/STM32CubeIDE.app/Contents/Eclipse/plugins/com.st.stm32cube.ide.mcu.externaltools.gnu-tools-for-stm32.10.3-2021.10.macos64_1.0.0.202111181127/tools/bin/../lib/gcc/arm-none-eabi/10.3.1/../../../../arm-none-eabi/lib/thumb/v7e-m+dp/hard/libc.a(lib_a-findfp.o) (_fwalk)
/Applications/STM32CubeIDE.app/Contents/Eclipse/plugins/com.st.stm32cube.ide.mcu.externaltools.gnu-tools-for-stm32.10.3-2021.10.macos64_1.0.0.202111181127/tools/bin/../lib/gcc/arm-none-eabi/10.3.1/../../../../arm-none-eabi/lib/thumb/v7e-m+dp/hard/libc.a(lib_a-impure.o)
                              /Applications/STM32CubeIDE.app/Contents/Eclipse/plugins/com.st.stm32cube.ide.mcu.externaltools.gnu-tools-for-stm32.10.3-2021.10.macos64_1.0.0.202111181127/tools/bin/../lib/gcc/arm-none-eabi/10.3.1/../../../../arm-none-eabi/lib/thumb/v7e-m+dp/hard/libc.a(lib_a-exit.o) (_global_impure_ptr)
/Applications/STM32CubeIDE.app/Contents/Eclipse/plugins/com.st.stm32cube.ide.mcu.externaltools.gnu-tools-for-stm32.10.3-2021.10.macos64_1.0.0.202111181127/tools/bin/../lib/gcc/arm-none-eabi/10.3.1/../../../../arm-none-eabi/lib/thumb/v7e-m+dp/hard/libc.a(lib_a-init.o)
[...]
Memory Configuration

Name             Origin             Length             Attributes
FLASH            0x0000000008000000 0x0000000000200000 xr
DTCMRAM          0x0000000020000000 0x0000000000020000 xrw
RAM_D1           0x0000000024000000 0x0000000000080000 xrw
RAM_D2           0x0000000030000000 0x0000000000048000 xrw
RAM_D3           0x0000000038000000 0x0000000000010000 xrw
ITCMRAM          0x0000000000000000 0x0000000000010000 xrw
EXTMRAM          0x00000000c0000000 0x0000000000080000 xrw
*default*        0x0000000000000000 0xffffffffffffffff

Linker script and memory map

LOAD /Applications/STM32CubeIDE.app/Contents/Eclipse/plugins/com.st.stm32cube.ide.mcu.externaltools.gnu-tools-for-stm32.10.3-2021.10.macos64_1.0.0.202111181127/tools/bin/../lib/gcc/arm-none-eabi/10.3.1/thumb/v7e-m+dp/hard/crti.o
LOAD /Applications/STM32CubeIDE.app/Contents/Eclipse/plugins/com.st.stm32cube.ide.mcu.externaltools.gnu-tools-for-stm32.10.3-2021.10.macos64_1.0.0.202111181127/tools/bin/../lib/gcc/arm-none-eabi/10.3.1/thumb/v7e-m+dp/hard/crtbegin.o
LOAD /Applications/STM32CubeIDE.app/Contents/Eclipse/plugins/com.st.stm32cube.ide.mcu.externaltools.gnu-tools-for-stm32.10.3-2021.10.macos64_1.0.0.202111181127/tools/bin/../lib/gcc/arm-none-eabi/10.3.1/../../../../arm-none-eabi/lib/thumb/v7e-m+dp/hard/crt0.o
LOAD ./Core/Src/Benchmark/Hash_Table/benchmark_clht.o
LOAD ./Core/Src/Benchmark/Hash_Table/test_hashmap_numbers.o
LOAD ./Core/Src/Benchmark/Hash_Table/test_hashmap_string.o
LOAD ./Core/Src/Benchmark/Raw_Storage/test_MRAM.o
LOAD ./Core/Src/Benchmark/Raw_Storage/test_embbeded_SRAM.o
LOAD ./Core/Src/Benchmark/Raw_Storage/test_flash.o
LOAD ./Core/Src/Drivers/MRAM_driver.o
LOAD ./Core/Src/Drivers/MRAM_heap.o
LOAD ./Core/Src/Drivers/embbeded_SRAM_driver.o
LOAD ./Core/Src/Drivers/flash_driver.o
LOAD ./Core/Src/FLASH_SECTOR_H7.o
LOAD ./Core/Src/MRAM_memory_consistency.o
LOAD ./Core/Src/main.o
LOAD ./Core/Src/stm32h7xx_hal_msp.o
LOAD ./Core/Src/stm32h7xx_it.o
LOAD ./Core/Src/syscalls.o
LOAD ./Core/Src/sysmem.o
LOAD ./Core/Src/system_stm32h7xx.o
LOAD ./Core/Src/Hash_Table/Hash_Func/crc32.o
LOAD ./Core/Src/Hash_Table/clht_lb.o
LOAD ./Core/Src/Hash_Table/clht_lb_mram.o
LOAD ./Core/Src/Hash_Table/hashmap_numbers.o
LOAD ./Core/Src/Hash_Table/hashmap_string.o
LOAD ./Core/Startup/startup_stm32h743zitx.o
LOAD ./Drivers/STM32H7xx_HAL_Driver/Src/stm32h7xx_hal.o
LOAD ./Drivers/STM32H7xx_HAL_Driver/Src/stm32h7xx_hal_cortex.o
LOAD ./Drivers/STM32H7xx_HAL_Driver/Src/stm32h7xx_hal_crc.o
LOAD ./Drivers/STM32H7xx_HAL_Driver/Src/stm32h7xx_hal_crc_ex.o
LOAD ./Drivers/STM32H7xx_HAL_Driver/Src/stm32h7xx_hal_dma.o
LOAD ./Drivers/STM32H7xx_HAL_Driver/Src/stm32h7xx_hal_dma_ex.o
LOAD ./Drivers/STM32H7xx_HAL_Driver/Src/stm32h7xx_hal_eth.o
LOAD ./Drivers/STM32H7xx_HAL_Driver/Src/stm32h7xx_hal_eth_ex.o
LOAD ./Drivers/STM32H7xx_HAL_Driver/Src/stm32h7xx_hal_exti.o
LOAD ./Drivers/STM32H7xx_HAL_Driver/Src/stm32h7xx_hal_flash.o
LOAD ./Drivers/STM32H7xx_HAL_Driver/Src/stm32h7xx_hal_flash_ex.o
LOAD ./Drivers/STM32H7xx_HAL_Driver/Src/stm32h7xx_hal_gpio.o
LOAD ./Drivers/STM32H7xx_HAL_Driver/Src/stm32h7xx_hal_hsem.o
LOAD ./Drivers/STM32H7xx_HAL_Driver/Src/stm32h7xx_hal_i2c.o
LOAD ./Drivers/STM32H7xx_HAL_Driver/Src/stm32h7xx_hal_i2c_ex.o
LOAD ./Drivers/STM32H7xx_HAL_Driver/Src/stm32h7xx_hal_mdma.o
LOAD ./Drivers/STM32H7xx_HAL_Driver/Src/stm32h7xx_hal_pwr.o
LOAD ./Drivers/STM32H7xx_HAL_Driver/Src/stm32h7xx_hal_pwr_ex.o
LOAD ./Drivers/STM32H7xx_HAL_Driver/Src/stm32h7xx_hal_rcc.o
LOAD ./Drivers/STM32H7xx_HAL_Driver/Src/stm32h7xx_hal_rcc_ex.o
LOAD ./Drivers/STM32H7xx_HAL_Driver/Src/stm32h7xx_hal_sram.o
LOAD ./Drivers/STM32H7xx_HAL_Driver/Src/stm32h7xx_hal_tim.o
LOAD ./Drivers/STM32H7xx_HAL_Driver/Src/stm32h7xx_hal_tim_ex.o
LOAD ./Drivers/STM32H7xx_HAL_Driver/Src/stm32h7xx_ll_fmc.o
START GROUP
LOAD /Applications/STM32CubeIDE.app/Contents/Eclipse/plugins/com.st.stm32cube.ide.mcu.externaltools.gnu-tools-for-stm32.10.3-2021.10.macos64_1.0.0.202111181127/tools/bin/../lib/gcc/arm-none-eabi/10.3.1/../../../../arm-none-eabi/lib/thumb/v7e-m+dp/hard/libc.a
LOAD /Applications/STM32CubeIDE.app/Contents/Eclipse/plugins/com.st.stm32cube.ide.mcu.externaltools.gnu-tools-for-stm32.10.3-2021.10.macos64_1.0.0.202111181127/tools/bin/../lib/gcc/arm-none-eabi/10.3.1/../../../../arm-none-eabi/lib/thumb/v7e-m+dp/hard/libm.a
END GROUP
START GROUP
LOAD /Applications/STM32CubeIDE.app/Contents/Eclipse/plugins/com.st.stm32cube.ide.mcu.externaltools.gnu-tools-for-stm32.10.3-2021.10.macos64_1.0.0.202111181127/tools/bin/../lib/gcc/arm-none-eabi/10.3.1/thumb/v7e-m+dp/hard/libgcc.a
LOAD /Applications/STM32CubeIDE.app/Contents/Eclipse/plugins/com.st.stm32cube.ide.mcu.externaltools.gnu-tools-for-stm32.10.3-2021.10.macos64_1.0.0.202111181127/tools/bin/../lib/gcc/arm-none-eabi/10.3.1/../../../../arm-none-eabi/lib/thumb/v7e-m+dp/hard/libc.a
END GROUP
START GROUP
LOAD /Applications/STM32CubeIDE.app/Contents/Eclipse/plugins/com.st.stm32cube.ide.mcu.externaltools.gnu-tools-for-stm32.10.3-2021.10.macos64_1.0.0.202111181127/tools/bin/../lib/gcc/arm-none-eabi/10.3.1/thumb/v7e-m+dp/hard/libgcc.a
LOAD /Applications/STM32CubeIDE.app/Contents/Eclipse/plugins/com.st.stm32cube.ide.mcu.externaltools.gnu-tools-for-stm32.10.3-2021.10.macos64_1.0.0.202111181127/tools/bin/../lib/gcc/arm-none-eabi/10.3.1/../../../../arm-none-eabi/lib/thumb/v7e-m+dp/hard/libc.a
LOAD /Applications/STM32CubeIDE.app/Contents/Eclipse/plugins/com.st.stm32cube.ide.mcu.externaltools.gnu-tools-for-stm32.10.3-2021.10.macos64_1.0.0.202111181127/tools/bin/../lib/gcc/arm-none-eabi/10.3.1/../../../../arm-none-eabi/lib/thumb/v7e-m+dp/hard/libnosys.a
END GROUP
LOAD /Applications/STM32CubeIDE.app/Contents/Eclipse/plugins/com.st.stm32cube.ide.mcu.externaltools.gnu-tools-for-stm32.10.3-2021.10.macos64_1.0.0.202111181127/tools/bin/../lib/gcc/arm-none-eabi/10.3.1/thumb/v7e-m+dp/hard/crtend.o
LOAD /Applications/STM32CubeIDE.app/Contents/Eclipse/plugins/com.st.stm32cube.ide.mcu.externaltools.gnu-tools-for-stm32.10.3-2021.10.macos64_1.0.0.202111181127/tools/bin/../lib/gcc/arm-none-eabi/10.3.1/thumb/v7e-m+dp/hard/crtn.o
                0x0000000024080000                _estack = (ORIGIN (RAM_D1) + LENGTH (RAM_D1))
                0x0000000000000200                _Min_Heap_Size = 0x200
                0x0000000000000400                _Min_Stack_Size = 0x400

.isr_vector     0x0000000008000000      0x298
                0x0000000008000000                . = ALIGN (0x4)
 *(.isr_vector)
 .isr_vector    0x0000000008000000      0x298 ./Core/Startup/startup_stm32h743zitx.o
                0x0000000008000000                g_pfnVectors
                0x0000000008000298                . = ALIGN (0x4)

.text           0x00000000080002a0     0x7ed8
                0x00000000080002a0                . = ALIGN (0x4)
 *(.text)
 .text          0x00000000080002a0       0x40 /Applications/STM32CubeIDE.app/Contents/Eclipse/plugins/com.st.stm32cube.ide.mcu.externaltools.gnu-tools-for-stm32.10.3-2021.10.macos64_1.0.0.202111181127/tools/bin/../lib/gcc/arm-none-eabi/10.3.1/thumb/v7e-m+dp/hard/crtbegin.o
 .text          0x00000000080002e0       0x14 /Applications/STM32CubeIDE.app/Contents/Eclipse/plugins/com.st.stm32cube.ide.mcu.externaltools.gnu-tools-for-stm32.10.3-2021.10.macos64_1.0.0.202111181127/tools/bin/../lib/gcc/arm-none-eabi/10.3.1/../../../../arm-none-eabi/lib/thumb/v7e-m+dp/hard/libc.a(lib_a-strcmp.o)
                0x00000000080002e0                strcmp
 .text          0x00000000080002f4       0x10 /Applications/STM32CubeIDE.app/Contents/Eclipse/plugins/com.st.stm32cube.ide.mcu.externaltools.gnu-tools-for-stm32.10.3-2021.10.macos64_1.0.0.202111181127/tools/bin/../lib/gcc/arm-none-eabi/10.3.1/../../../../arm-none-eabi/lib/thumb/v7e-m+dp/hard/libc.a(lib_a-strlen.o)
                0x00000000080002f4                strlen
 *fill*         0x0000000008000304        0xc 
 .text          0x0000000008000310       0xa0 /Applications/STM32CubeIDE.app/Contents/Eclipse/plugins/com.st.stm32cube.ide.mcu.externaltools.gnu-tools-for-stm32.10.3-2021.10.macos64_1.0.0.202111181127/tools/bin/../lib/gcc/arm-none-eabi/10.3.1/../../../../arm-none-eabi/lib/thumb/v7e-m+dp/hard/libc.a(lib_a-memchr.o)
                0x0000000008000310                memchr
 .text          0x00000000080003b0       0x30 /Applications/STM32CubeIDE.app/Contents/Eclipse/plugins/com.st.stm32cube.ide.mcu.externaltools.gnu-tools-for-stm32.10.3-2021.10.macos64_1.0.0.202111181127/tools/bin/../lib/gcc/arm-none-eabi/10.3.1/thumb/v7e-m+dp/hard/libgcc.a(_aeabi_uldivmod.o)
                0x00000000080003b0                __aeabi_uldivmod
 .text          0x00000000080003e0      0x2d0 /Applications/STM32CubeIDE.app/Contents/Eclipse/plugins/com.st.stm32cube.ide.mcu.externaltools.gnu-tools-for-stm32.10.3-2021.10.macos64_1.0.0.202111181127/tools/bin/../lib/gcc/arm-none-eabi/10.3.1/thumb/v7e-m+dp/hard/libgcc.a(_udivmoddi4.o)
                0x00000000080003e0                __udivmoddi4
 .text          0x00000000080006b0        0x4 /Applications/STM32CubeIDE.app/Contents/Eclipse/plugins/com.st.stm32cube.ide.mcu.externaltools.gnu-tools-for-stm32.10.3-2021.10.macos64_1.0.0.202111181127/tools/bin/../lib/gcc/arm-none-eabi/10.3.1/thumb/v7e-m+dp/hard/libgcc.a(_dvmd_tls.o)
                0x00000000080006b0                __aeabi_ldiv0
                0x00000000080006b0                __aeabi_idiv0
 *(.text*)
 .text.test_hashmap_string_throughput
                0x00000000080006b4      0x134 ./Core/Src/Benchmark/Hash_Table/test_hashmap_string.o
                0x00000000080006b4                test_hashmap_string_throughput
 .text.mram_read
                0x00000000080007e8       0x2c ./Core/Src/Drivers/MRAM_driver.o
                0x00000000080007e8                mram_read
 .text.mram_write
                0x0000000008000814       0x2c ./Core/Src/Drivers/MRAM_driver.o
                0x0000000008000814                mram_write
 .text._write   0x0000000008000840       0x5c ./Core/Src/main.o
                0x0000000008000840                _write
 .text.MPU_RegionConfig
                0x000000000800089c       0x40 ./Core/Src/main.o
                0x000000000800089c                MPU_RegionConfig
 .text.SystemClock_Config
                0x00000000080008dc      0x10c ./Core/Src/main.o
                0x00000000080008dc                SystemClock_Config
 .text.startup.main
                0x00000000080009e8      0x33c ./Core/Src/main.o
                0x00000000080009e8                main
 .text.Error_Handler
                0x0000000008000d24        0x4 ./Core/Src/main.o
                0x0000000008000d24                Error_Handler
 .text.HAL_MspInit
                0x0000000008000d28       0x24 ./Core/Src/stm32h7xx_hal_msp.o
                0x0000000008000d28                HAL_MspInit
 .text.HAL_CRC_MspInit
                0x0000000008000d4c       0x30 ./Core/Src/stm32h7xx_hal_msp.o
                0x0000000008000d4c                HAL_CRC_MspInit
 .text.HAL_ETH_MspInit
                0x0000000008000d7c      0x140 ./Core/Src/stm32h7xx_hal_msp.o
                0x0000000008000d7c                HAL_ETH_MspInit
 .text.HAL_SRAM_MspInit
                0x0000000008000ebc       0xf0 ./Core/Src/stm32h7xx_hal_msp.o
                0x0000000008000ebc                HAL_SRAM_MspInit
 .text.NMI_Handler
                0x0000000008000fac        0x4 ./Core/Src/stm32h7xx_it.o
                0x0000000008000fac                NMI_Handler
 .text.HardFault_Handler
                0x0000000008000fb0        0x4 ./Core/Src/stm32h7xx_it.o
                0x0000000008000fb0                HardFault_Handler
 .text.MemManage_Handler
                0x0000000008000fb4        0x4 ./Core/Src/stm32h7xx_it.o
                0x0000000008000fb4                MemManage_Handler
 .text.BusFault_Handler
                0x0000000008000fb8        0x4 ./Core/Src/stm32h7xx_it.o
                0x0000000008000fb8                BusFault_Handler
 .text.UsageFault_Handler
                0x0000000008000fbc        0x4 ./Core/Src/stm32h7xx_it.o
                0x0000000008000fbc                UsageFault_Handler
 .text.SVC_Handler
                0x0000000008000fc0        0x4 ./Core/Src/stm32h7xx_it.o
                0x0000000008000fc0                SVC_Handler
 .text.DebugMon_Handler
                0x0000000008000fc4        0x4 ./Core/Src/stm32h7xx_it.o
                0x0000000008000fc4                DebugMon_Handler
 .text.PendSV_Handler
                0x0000000008000fc8        0x4 ./Core/Src/stm32h7xx_it.o
                0x0000000008000fc8                PendSV_Handler
 .text.SysTick_Handler
                0x0000000008000fcc        0x4 ./Core/Src/stm32h7xx_it.o
                0x0000000008000fcc                SysTick_Handler
 .text._getpid  0x0000000008000fd0        0x4 ./Core/Src/syscalls.o
                0x0000000008000fd0                _getpid
 .text._kill    0x0000000008000fd4       0x14 ./Core/Src/syscalls.o
                0x0000000008000fd4                _kill
 .text._exit    0x0000000008000fe8        0xc ./Core/Src/syscalls.o
                0x0000000008000fe8                _exit
 .text._read    0x0000000008000ff4       0x1c ./Core/Src/syscalls.o
                0x0000000008000ff4                _read
 .text._close   0x0000000008001010        0x8 ./Core/Src/syscalls.o
                0x0000000008001010                _close
 .text._fstat   0x0000000008001018        0xc ./Core/Src/syscalls.o
                0x0000000008001018                _fstat
 .text._isatty  0x0000000008001024        0x4 ./Core/Src/syscalls.o
                0x0000000008001024                _isatty
 .text._lseek   0x0000000008001028        0x4 ./Core/Src/syscalls.o
                0x0000000008001028                _lseek
 .text._sbrk    0x000000000800102c       0x48 ./Core/Src/sysmem.o
                0x000000000800102c                _sbrk
 .text.SystemInit
                0x0000000008001074       0xcc ./Core/Src/system_stm32h7xx.o
                0x0000000008001074                SystemInit
 .text.xcrc32   0x0000000008001140       0x28 ./Core/Src/Hash_Table/Hash_Func/crc32.o
                0x0000000008001140                xcrc32
 .text.create_hash_map_string
                0x0000000008001168       0x48 ./Core/Src/Hash_Table/hashmap_string.o
                0x0000000008001168                create_hash_map_string
 .text.ht_string_put
                0x00000000080011b0      0x190 ./Core/Src/Hash_Table/hashmap_string.o
                0x00000000080011b0                ht_string_put
 .text.ht_string_get
                0x0000000008001340       0xe8 ./Core/Src/Hash_Table/hashmap_string.o
                0x0000000008001340                ht_string_get
 .text.get_collisions
                0x0000000008001428        0x4 ./Core/Src/Hash_Table/hashmap_string.o
                0x0000000008001428                get_collisions
 .text.get_replacements
                0x000000000800142c        0x4 ./Core/Src/Hash_Table/hashmap_string.o
                0x000000000800142c                get_replacements
 .text.destroy_hash_map_string
                0x0000000008001430        0x4 ./Core/Src/Hash_Table/hashmap_string.o
                0x0000000008001430                destroy_hash_map_string
 .text.Reset_Handler
                0x0000000008001434       0x50 ./Core/Startup/startup_stm32h743zitx.o
                0x0000000008001434                Reset_Handler
 .text.Default_Handler
                0x0000000008001484        0x2 ./Core/Startup/startup_stm32h743zitx.o
                0x0000000008001484                DMA1_Stream3_IRQHandler
                0x0000000008001484                EXTI2_IRQHandler
                0x0000000008001484                TIM8_CC_IRQHandler
                0x0000000008001484                HRTIM1_Master_IRQHandler
                0x0000000008001484                UART8_IRQHandler
                0x0000000008001484                SPI4_IRQHandler
                0x0000000008001484                TIM1_CC_IRQHandler
                0x0000000008001484                BDMA_Channel6_IRQHandler
                0x0000000008001484                DMA2_Stream5_IRQHandler
                0x0000000008001484                HRTIM1_FLT_IRQHandler
                0x0000000008001484                JPEG_IRQHandler
                0x0000000008001484                DMA1_Stream5_IRQHandler
                0x0000000008001484                BDMA_Channel1_IRQHandler
                0x0000000008001484                HRTIM1_TIMD_IRQHandler
                0x0000000008001484                TAMP_STAMP_IRQHandler
                0x0000000008001484                EXTI3_IRQHandler
                0x0000000008001484                LPTIM4_IRQHandler
                0x0000000008001484                TIM8_TRG_COM_TIM14_IRQHandler
                0x0000000008001484                LPTIM2_IRQHandler
                0x0000000008001484                DFSDM1_FLT1_IRQHandler
                0x0000000008001484                DMAMUX2_OVR_IRQHandler
                0x0000000008001484                TIM8_UP_TIM13_IRQHandler
                0x0000000008001484                I2C3_ER_IRQHandler
                0x0000000008001484                DFSDM1_FLT2_IRQHandler
                0x0000000008001484                MDMA_IRQHandler
                0x0000000008001484                LPTIM3_IRQHandler
                0x0000000008001484                HSEM1_IRQHandler
                0x0000000008001484                EXTI0_IRQHandler
                0x0000000008001484                I2C2_EV_IRQHandler
                0x0000000008001484                DMA1_Stream2_IRQHandler
                0x0000000008001484                FPU_IRQHandler
                0x0000000008001484                OTG_HS_WKUP_IRQHandler
                0x0000000008001484                FDCAN1_IT1_IRQHandler
                0x0000000008001484                LTDC_ER_IRQHandler
                0x0000000008001484                DMA2_Stream2_IRQHandler
                0x0000000008001484                HRTIM1_TIME_IRQHandler
                0x0000000008001484                SPI1_IRQHandler
                0x0000000008001484                TIM6_DAC_IRQHandler
                0x0000000008001484                DCMI_IRQHandler
                0x0000000008001484                HRTIM1_TIMC_IRQHandler
                0x0000000008001484                DMA2_Stream3_IRQHandler
                0x0000000008001484                SAI2_IRQHandler
                0x0000000008001484                DFSDM1_FLT3_IRQHandler
                0x0000000008001484                USART6_IRQHandler
                0x0000000008001484                TIM17_IRQHandler
                0x0000000008001484                USART3_IRQHandler
                0x0000000008001484                BDMA_Channel7_IRQHandler
                0x0000000008001484                LPTIM5_IRQHandler
                0x0000000008001484                UART5_IRQHandler
                0x0000000008001484                ADC3_IRQHandler
                0x0000000008001484                DMA2_Stream0_IRQHandler
                0x0000000008001484                TIM4_IRQHandler
                0x0000000008001484                BDMA_Channel2_IRQHandler
                0x0000000008001484                QUADSPI_IRQHandler
                0x0000000008001484                I2C1_EV_IRQHandler
                0x0000000008001484                DMA1_Stream6_IRQHandler
                0x0000000008001484                DMAMUX1_OVR_IRQHandler
                0x0000000008001484                DMA1_Stream1_IRQHandler
                0x0000000008001484                TIM16_IRQHandler
                0x0000000008001484                UART4_IRQHandler
                0x0000000008001484                BDMA_Channel5_IRQHandler
                0x0000000008001484                TIM3_IRQHandler
                0x0000000008001484                RCC_IRQHandler
                0x0000000008001484                TIM8_BRK_TIM12_IRQHandler
                0x0000000008001484                TIM1_TRG_COM_IRQHandler
                0x0000000008001484                Default_Handler
                0x0000000008001484                ECC_IRQHandler
                0x0000000008001484                CEC_IRQHandler
                0x0000000008001484                EXTI15_10_IRQHandler
                0x0000000008001484                BDMA_Channel0_IRQHandler
                0x0000000008001484                ADC_IRQHandler
                0x0000000008001484                DMA1_Stream7_IRQHandler
                0x0000000008001484                HRTIM1_TIMA_IRQHandler
                0x0000000008001484                SPI5_IRQHandler
                0x0000000008001484                TIM7_IRQHandler
                0x0000000008001484                SDMMC1_IRQHandler
                0x0000000008001484                TIM5_IRQHandler
                0x0000000008001484                DMA2_Stream7_IRQHandler
                0x0000000008001484                TIM15_IRQHandler
                0x0000000008001484                PVD_AVD_IRQHandler
                0x0000000008001484                I2C3_EV_IRQHandler
                0x0000000008001484                EXTI9_5_IRQHandler
                0x0000000008001484                RTC_WKUP_IRQHandler
                0x0000000008001484                LTDC_IRQHandler
                0x0000000008001484                SAI3_IRQHandler
                0x0000000008001484                ETH_WKUP_IRQHandler
                0x0000000008001484                SPDIF_RX_IRQHandler
                0x0000000008001484                SPI2_IRQHandler
                0x0000000008001484                OTG_HS_EP1_IN_IRQHandler
                0x0000000008001484                DMA1_Stream0_IRQHandler
                0x0000000008001484                CRS_IRQHandler
                0x0000000008001484                EXTI4_IRQHandler
                0x0000000008001484                RNG_IRQHandler
                0x0000000008001484                HRTIM1_TIMB_IRQHandler
                0x0000000008001484                FDCAN2_IT1_IRQHandler
                0x0000000008001484                ETH_IRQHandler
                0x0000000008001484                TIM1_UP_IRQHandler
                0x0000000008001484                BDMA_Channel4_IRQHandler
                0x0000000008001484                OTG_HS_EP1_OUT_IRQHandler
                0x0000000008001484                WWDG_IRQHandler
                0x0000000008001484                SPI6_IRQHandler
                0x0000000008001484                MDIOS_IRQHandler
                0x0000000008001484                I2C4_EV_IRQHandler
                0x0000000008001484                FDCAN2_IT0_IRQHandler
                0x0000000008001484                LPUART1_IRQHandler
                0x0000000008001484                FDCAN1_IT0_IRQHandler
                0x0000000008001484                TIM2_IRQHandler
                0x0000000008001484                OTG_FS_WKUP_IRQHandler
                0x0000000008001484                OTG_HS_IRQHandler
                0x0000000008001484                DMA2D_IRQHandler
                0x0000000008001484                TIM1_BRK_IRQHandler
                0x0000000008001484                EXTI1_IRQHandler
                0x0000000008001484                SDMMC2_IRQHandler
                0x0000000008001484                OTG_FS_EP1_OUT_IRQHandler
                0x0000000008001484                BDMA_Channel3_IRQHandler
                0x0000000008001484                UART7_IRQHandler
                0x0000000008001484                MDIOS_WKUP_IRQHandler
                0x0000000008001484                USART2_IRQHandler
                0x0000000008001484                DFSDM1_FLT0_IRQHandler
                0x0000000008001484                SAI4_IRQHandler
                0x0000000008001484                I2C2_ER_IRQHandler
                0x0000000008001484                DMA2_Stream1_IRQHandler
                0x0000000008001484                FLASH_IRQHandler
                0x0000000008001484                DMA2_Stream4_IRQHandler
                0x0000000008001484                USART1_IRQHandler
                0x0000000008001484                OTG_FS_IRQHandler
                0x0000000008001484                SPI3_IRQHandler
                0x0000000008001484                WAKEUP_PIN_IRQHandler
                0x0000000008001484                DMA1_Stream4_IRQHandler
                0x0000000008001484                OTG_FS_EP1_IN_IRQHandler
                0x0000000008001484                I2C1_ER_IRQHandler
                0x0000000008001484                FMC_IRQHandler
                0x0000000008001484                FDCAN_CAL_IRQHandler
                0x0000000008001484                SWPMI1_IRQHandler
                0x0000000008001484                COMP1_IRQHandler
                0x0000000008001484                LPTIM1_IRQHandler
                0x0000000008001484                I2C4_ER_IRQHandler
                0x0000000008001484                DMA2_Stream6_IRQHandler
                0x0000000008001484                SAI1_IRQHandler
                0x0000000008001484                RTC_Alarm_IRQHandler
 *fill*         0x0000000008001486        0x2 
 .text.HAL_InitTick
                0x0000000008001488       0x4c ./Drivers/STM32H7xx_HAL_Driver/Src/stm32h7xx_hal.o
                0x0000000008001488                HAL_InitTick
 .text.HAL_Init
                0x00000000080014d4       0x60 ./Drivers/STM32H7xx_HAL_Driver/Src/stm32h7xx_hal.o
                0x00000000080014d4                HAL_Init
 .text.HAL_IncTick
                0x0000000008001534       0x18 ./Drivers/STM32H7xx_HAL_Driver/Src/stm32h7xx_hal.o
                0x0000000008001534                HAL_IncTick
 .text.HAL_GetTick
                0x000000000800154c        0xc ./Drivers/STM32H7xx_HAL_Driver/Src/stm32h7xx_hal.o
                0x000000000800154c                HAL_GetTick
 .text.HAL_Delay
                0x0000000008001558       0x24 ./Drivers/STM32H7xx_HAL_Driver/Src/stm32h7xx_hal.o
                0x0000000008001558                HAL_Delay
 .text.HAL_GetREVID
                0x000000000800157c        0xc ./Drivers/STM32H7xx_HAL_Driver/Src/stm32h7xx_hal.o
                0x000000000800157c                HAL_GetREVID
 .text.HAL_SYSCFG_ETHInterfaceSelect
                0x0000000008001588       0x14 ./Drivers/STM32H7xx_HAL_Driver/Src/stm32h7xx_hal.o
                0x0000000008001588                HAL_SYSCFG_ETHInterfaceSelect
 .text.HAL_SetFMCMemorySwappingConfig
                0x000000000800159c       0x14 ./Drivers/STM32H7xx_HAL_Driver/Src/stm32h7xx_hal.o
                0x000000000800159c                HAL_SetFMCMemorySwappingConfig
 .text.HAL_NVIC_SetPriorityGrouping
                0x00000000080015b0       0x24 ./Drivers/STM32H7xx_HAL_Driver/Src/stm32h7xx_hal_cortex.o
                0x00000000080015b0                HAL_NVIC_SetPriorityGrouping
 .text.HAL_NVIC_SetPriority
                0x00000000080015d4       0x7c ./Drivers/STM32H7xx_HAL_Driver/Src/stm32h7xx_hal_cortex.o
                0x00000000080015d4                HAL_NVIC_SetPriority
 .text.HAL_SYSTICK_Config
                0x0000000008001650       0x2c ./Drivers/STM32H7xx_HAL_Driver/Src/stm32h7xx_hal_cortex.o
                0x0000000008001650                HAL_SYSTICK_Config
 .text.HAL_MPU_Disable
                0x000000000800167c       0x1c ./Drivers/STM32H7xx_HAL_Driver/Src/stm32h7xx_hal_cortex.o
                0x000000000800167c                HAL_MPU_Disable
 .text.HAL_MPU_Enable
                0x0000000008001698       0x20 ./Drivers/STM32H7xx_HAL_Driver/Src/stm32h7xx_hal_cortex.o
                0x0000000008001698                HAL_MPU_Enable
 .text.HAL_MPU_ConfigRegion
                0x00000000080016b8       0x64 ./Drivers/STM32H7xx_HAL_Driver/Src/stm32h7xx_hal_cortex.o
                0x00000000080016b8                HAL_MPU_ConfigRegion
 .text.HAL_CRC_Init
                0x000000000800171c       0x7c ./Drivers/STM32H7xx_HAL_Driver/Src/stm32h7xx_hal_crc.o
                0x000000000800171c                HAL_CRC_Init
 .text.HAL_CRCEx_Polynomial_Set
                0x0000000008001798       0x68 ./Drivers/STM32H7xx_HAL_Driver/Src/stm32h7xx_hal_crc_ex.o
                0x0000000008001798                HAL_CRCEx_Polynomial_Set
 .text.HAL_ETH_Init
                0x0000000008001800      0x2f0 ./Drivers/STM32H7xx_HAL_Driver/Src/stm32h7xx_hal_eth.o
                0x0000000008001800                HAL_ETH_Init
 .text.HAL_GPIO_Init
                0x0000000008001af0      0x274 ./Drivers/STM32H7xx_HAL_Driver/Src/stm32h7xx_hal_gpio.o
                0x0000000008001af0                HAL_GPIO_Init
 .text.HAL_GPIO_WritePin
                0x0000000008001d64        0x8 ./Drivers/STM32H7xx_HAL_Driver/Src/stm32h7xx_hal_gpio.o
                0x0000000008001d64                HAL_GPIO_WritePin
 .text.HAL_PWREx_ConfigSupply
                0x0000000008001d6c       0x48 ./Drivers/STM32H7xx_HAL_Driver/Src/stm32h7xx_hal_pwr_ex.o
                0x0000000008001d6c                HAL_PWREx_ConfigSupply
 .text.HAL_RCC_GetSysClockFreq.part.0
                0x0000000008001db4      0x130 ./Drivers/STM32H7xx_HAL_Driver/Src/stm32h7xx_hal_rcc.o
 .text.HAL_RCC_OscConfig
                0x0000000008001ee4      0x5a8 ./Drivers/STM32H7xx_HAL_Driver/Src/stm32h7xx_hal_rcc.o
                0x0000000008001ee4                HAL_RCC_OscConfig
 .text.HAL_RCC_GetSysClockFreq
                0x000000000800248c      0x140 ./Drivers/STM32H7xx_HAL_Driver/Src/stm32h7xx_hal_rcc.o
                0x000000000800248c                HAL_RCC_GetSysClockFreq
 .text.HAL_RCC_ClockConfig
                0x00000000080025cc      0x250 ./Drivers/STM32H7xx_HAL_Driver/Src/stm32h7xx_hal_rcc.o
                0x00000000080025cc                HAL_RCC_ClockConfig
 .text.HAL_RCC_GetHCLKFreq
                0x000000000800281c       0x80 ./Drivers/STM32H7xx_HAL_Driver/Src/stm32h7xx_hal_rcc.o
                0x000000000800281c                HAL_RCC_GetHCLKFreq
 .text.RCCEx_PLL2_Config
                0x000000000800289c       0xf4 ./Drivers/STM32H7xx_HAL_Driver/Src/stm32h7xx_hal_rcc_ex.o
 .text.RCCEx_PLL3_Config
                0x0000000008002990       0xf4 ./Drivers/STM32H7xx_HAL_Driver/Src/stm32h7xx_hal_rcc_ex.o
 .text.HAL_RCCEx_PeriphCLKConfig
                0x0000000008002a84      0xa90 ./Drivers/STM32H7xx_HAL_Driver/Src/stm32h7xx_hal_rcc_ex.o
                0x0000000008002a84                HAL_RCCEx_PeriphCLKConfig
 .text.HAL_SRAM_Init
                0x0000000008003514       0x6c ./Drivers/STM32H7xx_HAL_Driver/Src/stm32h7xx_hal_sram.o
                0x0000000008003514                HAL_SRAM_Init
 .text.FMC_NORSRAM_Init
                0x0000000008003580       0xb0 ./Drivers/STM32H7xx_HAL_Driver/Src/stm32h7xx_ll_fmc.o
                0x0000000008003580                FMC_NORSRAM_Init
 .text.FMC_NORSRAM_Timing_Init
                0x0000000008003630       0x60 ./Drivers/STM32H7xx_HAL_Driver/Src/stm32h7xx_ll_fmc.o
                0x0000000008003630                FMC_NORSRAM_Timing_Init
 .text.FMC_NORSRAM_Extended_Timing_Init
                0x0000000008003690       0x44 ./Drivers/STM32H7xx_HAL_Driver/Src/stm32h7xx_ll_fmc.o
                0x0000000008003690                FMC_NORSRAM_Extended_Timing_Init
 .text.__assert_func
                0x00000000080036d4       0x3c /Applications/STM32CubeIDE.app/Contents/Eclipse/plugins/com.st.stm32cube.ide.mcu.externaltools.gnu-tools-for-stm32.10.3-2021.10.macos64_1.0.0.202111181127/tools/bin/../lib/gcc/arm-none-eabi/10.3.1/../../../../arm-none-eabi/lib/thumb/v7e-m+dp/hard/libc.a(lib_a-assert.o)
                0x00000000080036d4                __assert_func
 .text.__errno  0x0000000008003710        0xc /Applications/STM32CubeIDE.app/Contents/Eclipse/plugins/com.st.stm32cube.ide.mcu.externaltools.gnu-tools-for-stm32.10.3-2021.10.macos64_1.0.0.202111181127/tools/bin/../lib/gcc/arm-none-eabi/10.3.1/../../../../arm-none-eabi/lib/thumb/v7e-m+dp/hard/libc.a(lib_a-errno.o)
                0x0000000008003710                __errno
 .text.__sflush_r
                0x000000000800371c      0x11c /Applications/STM32CubeIDE.app/Contents/Eclipse/plugins/com.st.stm32cube.ide.mcu.externaltools.gnu-tools-for-stm32.10.3-2021.10.macos64_1.0.0.202111181127/tools/bin/../lib/gcc/arm-none-eabi/10.3.1/../../../../arm-none-eabi/lib/thumb/v7e-m+dp/hard/libc.a(lib_a-fflush.o)
                0x000000000800371c                __sflush_r
 .text._fflush_r
                0x0000000008003838       0x4a /Applications/STM32CubeIDE.app/Contents/Eclipse/plugins/com.st.stm32cube.ide.mcu.externaltools.gnu-tools-for-stm32.10.3-2021.10.macos64_1.0.0.202111181127/tools/bin/../lib/gcc/arm-none-eabi/10.3.1/../../../../arm-none-eabi/lib/thumb/v7e-m+dp/hard/libc.a(lib_a-fflush.o)
                0x0000000008003838                _fflush_r
 *fill*         0x0000000008003882        0x2 
 .text.std      0x0000000008003884       0x50 /Applications/STM32CubeIDE.app/Contents/Eclipse/plugins/com.st.stm32cube.ide.mcu.externaltools.gnu-tools-for-stm32.10.3-2021.10.macos64_1.0.0.202111181127/tools/bin/../lib/gcc/arm-none-eabi/10.3.1/../../../../arm-none-eabi/lib/thumb/v7e-m+dp/hard/libc.a(lib_a-findfp.o)
 .text._cleanup_r
                0x00000000080038d4        0xc /Applications/STM32CubeIDE.app/Contents/Eclipse/plugins/com.st.stm32cube.ide.mcu.externaltools.gnu-tools-for-stm32.10.3-2021.10.macos64_1.0.0.202111181127/tools/bin/../lib/gcc/arm-none-eabi/10.3.1/../../../../arm-none-eabi/lib/thumb/v7e-m+dp/hard/libc.a(lib_a-findfp.o)
                0x00000000080038d4                _cleanup_r
 .text.__sfp_lock_acquire
                0x00000000080038e0        0xc /Applications/STM32CubeIDE.app/Contents/Eclipse/plugins/com.st.stm32cube.ide.mcu.externaltools.gnu-tools-for-stm32.10.3-2021.10.macos64_1.0.0.202111181127/tools/bin/../lib/gcc/arm-none-eabi/10.3.1/../../../../arm-none-eabi/lib/thumb/v7e-m+dp/hard/libc.a(lib_a-findfp.o)
                0x00000000080038e0                __sfp_lock_acquire
 .text.__sfp_lock_release
                0x00000000080038ec        0xc /Applications/STM32CubeIDE.app/Contents/Eclipse/plugins/com.st.stm32cube.ide.mcu.externaltools.gnu-tools-for-stm32.10.3-2021.10.macos64_1.0.0.202111181127/tools/bin/../lib/gcc/arm-none-eabi/10.3.1/../../../../arm-none-eabi/lib/thumb/v7e-m+dp/hard/libc.a(lib_a-findfp.o)
                0x00000000080038ec                __sfp_lock_release
 .text.__sinit_lock_acquire
                0x00000000080038f8        0xc /Applications/STM32CubeIDE.app/Contents/Eclipse/plugins/com.st.stm32cube.ide.mcu.externaltools.gnu-tools-for-stm32.10.3-2021.10.macos64_1.0.0.202111181127/tools/bin/../lib/gcc/arm-none-eabi/10.3.1/../../../../arm-none-eabi/lib/thumb/v7e-m+dp/hard/libc.a(lib_a-findfp.o)
                0x00000000080038f8                __sinit_lock_acquire
 .text.__sinit_lock_release
                0x0000000008003904        0xc /Applications/STM32CubeIDE.app/Contents/Eclipse/plugins/com.st.stm32cube.ide.mcu.externaltools.gnu-tools-for-stm32.10.3-2021.10.macos64_1.0.0.202111181127/tools/bin/../lib/gcc/arm-none-eabi/10.3.1/../../../../arm-none-eabi/lib/thumb/v7e-m+dp/hard/libc.a(lib_a-findfp.o)
                0x0000000008003904                __sinit_lock_release
 .text.__sinit  0x0000000008003910       0x50 /Applications/STM32CubeIDE.app/Contents/Eclipse/plugins/com.st.stm32cube.ide.mcu.externaltools.gnu-tools-for-stm32.10.3-2021.10.macos64_1.0.0.202111181127/tools/bin/../lib/gcc/arm-none-eabi/10.3.1/../../../../arm-none-eabi/lib/thumb/v7e-m+dp/hard/libc.a(lib_a-findfp.o)
                0x0000000008003910                __sinit
 .text.fiprintf
                0x0000000008003960       0x24 /Applications/STM32CubeIDE.app/Contents/Eclipse/plugins/com.st.stm32cube.ide.mcu.externaltools.gnu-tools-for-stm32.10.3-2021.10.macos64_1.0.0.202111181127/tools/bin/../lib/gcc/arm-none-eabi/10.3.1/../../../../arm-none-eabi/lib/thumb/v7e-m+dp/hard/libc.a(lib_a-fiprintf.o)
                0x0000000008003960                fiprintf
 .text._malloc_trim_r
                0x0000000008003984       0xa8 /Applications/STM32CubeIDE.app/Contents/Eclipse/plugins/com.st.stm32cube.ide.mcu.externaltools.gnu-tools-for-stm32.10.3-2021.10.macos64_1.0.0.202111181127/tools/bin/../lib/gcc/arm-none-eabi/10.3.1/../../../../arm-none-eabi/lib/thumb/v7e-m+dp/hard/libc.a(lib_a-freer.o)
                0x0000000008003984                _malloc_trim_r
 .text._free_r  0x0000000008003a2c      0x180 /Applications/STM32CubeIDE.app/Contents/Eclipse/plugins/com.st.stm32cube.ide.mcu.externaltools.gnu-tools-for-stm32.10.3-2021.10.macos64_1.0.0.202111181127/tools/bin/../lib/gcc/arm-none-eabi/10.3.1/../../../../arm-none-eabi/lib/thumb/v7e-m+dp/hard/libc.a(lib_a-freer.o)
                0x0000000008003a2c                _free_r
 .text._fwalk_reent
                0x0000000008003bac       0x3e /Applications/STM32CubeIDE.app/Contents/Eclipse/plugins/com.st.stm32cube.ide.mcu.externaltools.gnu-tools-for-stm32.10.3-2021.10.macos64_1.0.0.202111181127/tools/bin/../lib/gcc/arm-none-eabi/10.3.1/../../../../arm-none-eabi/lib/thumb/v7e-m+dp/hard/libc.a(lib_a-fwalk.o)
                0x0000000008003bac                _fwalk_reent
 *fill*         0x0000000008003bea        0x2 
 .text.__libc_init_array
                0x0000000008003bec       0x48 /Applications/STM32CubeIDE.app/Contents/Eclipse/plugins/com.st.stm32cube.ide.mcu.externaltools.gnu-tools-for-stm32.10.3-2021.10.macos64_1.0.0.202111181127/tools/bin/../lib/gcc/arm-none-eabi/10.3.1/../../../../arm-none-eabi/lib/thumb/v7e-m+dp/hard/libc.a(lib_a-init.o)
                0x0000000008003bec                __libc_init_array
 .text.__retarget_lock_init_recursive
                0x0000000008003c34        0x2 /Applications/STM32CubeIDE.app/Contents/Eclipse/plugins/com.st.stm32cube.ide.mcu.externaltools.gnu-tools-for-stm32.10.3-2021.10.macos64_1.0.0.202111181127/tools/bin/../lib/gcc/arm-none-eabi/10.3.1/../../../../arm-none-eabi/lib/thumb/v7e-m+dp/hard/libc.a(lib_a-lock.o)
                0x0000000008003c34                __retarget_lock_init_recursive
 .text.__retarget_lock_close_recursive
                0x0000000008003c36        0x2 /Applications/STM32CubeIDE.app/Contents/Eclipse/plugins/com.st.stm32cube.ide.mcu.externaltools.gnu-tools-for-stm32.10.3-2021.10.macos64_1.0.0.202111181127/tools/bin/../lib/gcc/arm-none-eabi/10.3.1/../../../../arm-none-eabi/lib/thumb/v7e-m+dp/hard/libc.a(lib_a-lock.o)
                0x0000000008003c36                __retarget_lock_close_recursive
 .text.__retarget_lock_acquire_recursive
                0x0000000008003c38        0x2 /Applications/STM32CubeIDE.app/Contents/Eclipse/plugins/com.st.stm32cube.ide.mcu.externaltools.gnu-tools-for-stm32.10.3-2021.10.macos64_1.0.0.202111181127/tools/bin/../lib/gcc/arm-none-eabi/10.3.1/../../../../arm-none-eabi/lib/thumb/v7e-m+dp/hard/libc.a(lib_a-lock.o)
                0x0000000008003c38                __retarget_lock_acquire_recursive
 .text.__retarget_lock_release_recursive
                0x0000000008003c3a        0x2 /Applications/STM32CubeIDE.app/Contents/Eclipse/plugins/com.st.stm32cube.ide.mcu.externaltools.gnu-tools-for-stm32.10.3-2021.10.macos64_1.0.0.202111181127/tools/bin/../lib/gcc/arm-none-eabi/10.3.1/../../../../arm-none-eabi/lib/thumb/v7e-m+dp/hard/libc.a(lib_a-lock.o)
                0x0000000008003c3a                __retarget_lock_release_recursive
 .text.malloc   0x0000000008003c3c       0x10 /Applications/STM32CubeIDE.app/Contents/Eclipse/plugins/com.st.stm32cube.ide.mcu.externaltools.gnu-tools-for-stm32.10.3-2021.10.macos64_1.0.0.202111181127/tools/bin/../lib/gcc/arm-none-eabi/10.3.1/../../../../arm-none-eabi/lib/thumb/v7e-m+dp/hard/libc.a(lib_a-malloc.o)
                0x0000000008003c3c                malloc
 .text.free     0x0000000008003c4c       0x10 /Applications/STM32CubeIDE.app/Contents/Eclipse/plugins/com.st.stm32cube.ide.mcu.externaltools.gnu-tools-for-stm32.10.3-2021.10.macos64_1.0.0.202111181127/tools/bin/../lib/gcc/arm-none-eabi/10.3.1/../../../../arm-none-eabi/lib/thumb/v7e-m+dp/hard/libc.a(lib_a-malloc.o)
                0x0000000008003c4c                free
 .text._malloc_r
                0x0000000008003c5c      0x478 /Applications/STM32CubeIDE.app/Contents/Eclipse/plugins/com.st.stm32cube.ide.mcu.externaltools.gnu-tools-for-stm32.10.3-2021.10.macos64_1.0.0.202111181127/tools/bin/../lib/gcc/arm-none-eabi/10.3.1/../../../../arm-none-eabi/lib/thumb/v7e-m+dp/hard/libc.a(lib_a-mallocr.o)
                0x0000000008003c5c                _malloc_r
 .text.memcpy   0x00000000080040d4       0x1c /Applications/STM32CubeIDE.app/Contents/Eclipse/plugins/com.st.stm32cube.ide.mcu.externaltools.gnu-tools-for-stm32.10.3-2021.10.macos64_1.0.0.202111181127/tools/bin/../lib/gcc/arm-none-eabi/10.3.1/../../../../arm-none-eabi/lib/thumb/v7e-m+dp/hard/libc.a(lib_a-memcpy-stub.o)
                0x00000000080040d4                memcpy
 .text.memset   0x00000000080040f0       0x10 /Applications/STM32CubeIDE.app/Contents/Eclipse/plugins/com.st.stm32cube.ide.mcu.externaltools.gnu-tools-for-stm32.10.3-2021.10.macos64_1.0.0.202111181127/tools/bin/../lib/gcc/arm-none-eabi/10.3.1/../../../../arm-none-eabi/lib/thumb/v7e-m+dp/hard/libc.a(lib_a-memset.o)
                0x00000000080040f0                memset
 .text.__malloc_lock
                0x0000000008004100        0xc /Applications/STM32CubeIDE.app/Contents/Eclipse/plugins/com.st.stm32cube.ide.mcu.externaltools.gnu-tools-for-stm32.10.3-2021.10.macos64_1.0.0.202111181127/tools/bin/../lib/gcc/arm-none-eabi/10.3.1/../../../../arm-none-eabi/lib/thumb/v7e-m+dp/hard/libc.a(lib_a-mlock.o)
                0x0000000008004100                __malloc_lock
 .text.__malloc_unlock
                0x000000000800410c        0xc /Applications/STM32CubeIDE.app/Contents/Eclipse/plugins/com.st.stm32cube.ide.mcu.externaltools.gnu-tools-for-stm32.10.3-2021.10.macos64_1.0.0.202111181127/tools/bin/../lib/gcc/arm-none-eabi/10.3.1/../../../../arm-none-eabi/lib/thumb/v7e-m+dp/hard/libc.a(lib_a-mlock.o)
                0x000000000800410c                __malloc_unlock
 .text.printf   0x0000000008004118       0x24 /Applications/STM32CubeIDE.app/Contents/Eclipse/plugins/com.st.stm32cube.ide.mcu.externaltools.gnu-tools-for-stm32.10.3-2021.10.macos64_1.0.0.202111181127/tools/bin/../lib/gcc/arm-none-eabi/10.3.1/../../../../arm-none-eabi/lib/thumb/v7e-m+dp/hard/libc.a(lib_a-printf.o)
                0x0000000008004118                printf
 .text._puts_r  0x000000000800413c       0x8c /Applications/STM32CubeIDE.app/Contents/Eclipse/plugins/com.st.stm32cube.ide.mcu.externaltools.gnu-tools-for-stm32.10.3-2021.10.macos64_1.0.0.202111181127/tools/bin/../lib/gcc/arm-none-eabi/10.3.1/../../../../arm-none-eabi/lib/thumb/v7e-m+dp/hard/libc.a(lib_a-puts.o)
                0x000000000800413c                _puts_r
 .text.puts     0x00000000080041c8       0x10 /Applications/STM32CubeIDE.app/Contents/Eclipse/plugins/com.st.stm32cube.ide.mcu.externaltools.gnu-tools-for-stm32.10.3-2021.10.macos64_1.0.0.202111181127/tools/bin/../lib/gcc/arm-none-eabi/10.3.1/../../../../arm-none-eabi/lib/thumb/v7e-m+dp/hard/libc.a(lib_a-puts.o)
                0x00000000080041c8                puts
 .text.srand    0x00000000080041d8       0x14 /Applications/STM32CubeIDE.app/Contents/Eclipse/plugins/com.st.stm32cube.ide.mcu.externaltools.gnu-tools-for-stm32.10.3-2021.10.macos64_1.0.0.202111181127/tools/bin/../lib/gcc/arm-none-eabi/10.3.1/../../../../arm-none-eabi/lib/thumb/v7e-m+dp/hard/libc.a(lib_a-rand.o)
                0x00000000080041d8                srand
 .text._sbrk_r  0x00000000080041ec       0x20 /Applications/STM32CubeIDE.app/Contents/Eclipse/plugins/com.st.stm32cube.ide.mcu.externaltools.gnu-tools-for-stm32.10.3-2021.10.macos64_1.0.0.202111181127/tools/bin/../lib/gcc/arm-none-eabi/10.3.1/../../../../arm-none-eabi/lib/thumb/v7e-m+dp/hard/libc.a(lib_a-sbrkr.o)
                0x00000000080041ec                _sbrk_r
 .text.__sread  0x000000000800420c       0x22 /Applications/STM32CubeIDE.app/Contents/Eclipse/plugins/com.st.stm32cube.ide.mcu.externaltools.gnu-tools-for-stm32.10.3-2021.10.macos64_1.0.0.202111181127/tools/bin/../lib/gcc/arm-none-eabi/10.3.1/../../../../arm-none-eabi/lib/thumb/v7e-m+dp/hard/libc.a(lib_a-stdio.o)
                0x000000000800420c                __sread
 .text.__swrite
                0x000000000800422e       0x38 /Applications/STM32CubeIDE.app/Contents/Eclipse/plugins/com.st.stm32cube.ide.mcu.externaltools.gnu-tools-for-stm32.10.3-2021.10.macos64_1.0.0.202111181127/tools/bin/../lib/gcc/arm-none-eabi/10.3.1/../../../../arm-none-eabi/lib/thumb/v7e-m+dp/hard/libc.a(lib_a-stdio.o)
                0x000000000800422e                __swrite
 .text.__sseek  0x0000000008004266       0x24 /Applications/STM32CubeIDE.app/Contents/Eclipse/plugins/com.st.stm32cube.ide.mcu.externaltools.gnu-tools-for-stm32.10.3-2021.10.macos64_1.0.0.202111181127/tools/bin/../lib/gcc/arm-none-eabi/10.3.1/../../../../arm-none-eabi/lib/thumb/v7e-m+dp/hard/libc.a(lib_a-stdio.o)
                0x0000000008004266                __sseek
 .text.__sclose
                0x000000000800428a        0x8 /Applications/STM32CubeIDE.app/Contents/Eclipse/plugins/com.st.stm32cube.ide.mcu.externaltools.gnu-tools-for-stm32.10.3-2021.10.macos64_1.0.0.202111181127/tools/bin/../lib/gcc/arm-none-eabi/10.3.1/../../../../arm-none-eabi/lib/thumb/v7e-m+dp/hard/libc.a(lib_a-stdio.o)
                0x000000000800428a                __sclose
 .text.strncmp  0x0000000008004292       0x28 /Applications/STM32CubeIDE.app/Contents/Eclipse/plugins/com.st.stm32cube.ide.mcu.externaltools.gnu-tools-for-stm32.10.3-2021.10.macos64_1.0.0.202111181127/tools/bin/../lib/gcc/arm-none-eabi/10.3.1/../../../../arm-none-eabi/lib/thumb/v7e-m+dp/hard/libc.a(lib_a-strncmp.o)
                0x0000000008004292                strncmp
 .text.sysconf  0x00000000080042ba       0x1a /Applications/STM32CubeIDE.app/Contents/Eclipse/plugins/com.st.stm32cube.ide.mcu.externaltools.gnu-tools-for-stm32.10.3-2021.10.macos64_1.0.0.202111181127/tools/bin/../lib/gcc/arm-none-eabi/10.3.1/../../../../arm-none-eabi/lib/thumb/v7e-m+dp/hard/libc.a(lib_a-sysconf.o)
                0x00000000080042ba                sysconf
 .text.__sprint_r
                0x00000000080042d4       0x64 /Applications/STM32CubeIDE.app/Contents/Eclipse/plugins/com.st.stm32cube.ide.mcu.externaltools.gnu-tools-for-stm32.10.3-2021.10.macos64_1.0.0.202111181127/tools/bin/../lib/gcc/arm-none-eabi/10.3.1/../../../../arm-none-eabi/lib/thumb/v7e-m+dp/hard/libc.a(lib_a-vfiprintf.o)
                0x00000000080042d4                __sprint_r
 .text._vfiprintf_r
                0x0000000008004338      0x92c /Applications/STM32CubeIDE.app/Contents/Eclipse/plugins/com.st.stm32cube.ide.mcu.externaltools.gnu-tools-for-stm32.10.3-2021.10.macos64_1.0.0.202111181127/tools/bin/../lib/gcc/arm-none-eabi/10.3.1/../../../../arm-none-eabi/lib/thumb/v7e-m+dp/hard/libc.a(lib_a-vfiprintf.o)
                0x0000000008004338                _vfiprintf_r
 .text.__sbprintf
                0x0000000008004c64       0x80 /Applications/STM32CubeIDE.app/Contents/Eclipse/plugins/com.st.stm32cube.ide.mcu.externaltools.gnu-tools-for-stm32.10.3-2021.10.macos64_1.0.0.202111181127/tools/bin/../lib/gcc/arm-none-eabi/10.3.1/../../../../arm-none-eabi/lib/thumb/v7e-m+dp/hard/libc.a(lib_a-vfiprintf.o)
 *fill*         0x0000000008004ce4        0x4 
 .text._vfprintf_r
                0x0000000008004ce8     0x1448 /Applications/STM32CubeIDE.app/Contents/Eclipse/plugins/com.st.stm32cube.ide.mcu.externaltools.gnu-tools-for-stm32.10.3-2021.10.macos64_1.0.0.202111181127/tools/bin/../lib/gcc/arm-none-eabi/10.3.1/../../../../arm-none-eabi/lib/thumb/v7e-m+dp/hard/libc.a(lib_a-vfprintf.o)
                0x0000000008004ce8                _vfprintf_r
 .text.__sbprintf
                0x0000000008006130       0x80 /Applications/STM32CubeIDE.app/Contents/Eclipse/plugins/com.st.stm32cube.ide.mcu.externaltools.gnu-tools-for-stm32.10.3-2021.10.macos64_1.0.0.202111181127/tools/bin/../lib/gcc/arm-none-eabi/10.3.1/../../../../arm-none-eabi/lib/thumb/v7e-m+dp/hard/libc.a(lib_a-vfprintf.o)
 .text._write_r
                0x00000000080061b0       0x24 /Applications/STM32CubeIDE.app/Contents/Eclipse/plugins/com.st.stm32cube.ide.mcu.externaltools.gnu-tools-for-stm32.10.3-2021.10.macos64_1.0.0.202111181127/tools/bin/../lib/gcc/arm-none-eabi/10.3.1/../../../../arm-none-eabi/lib/thumb/v7e-m+dp/hard/libc.a(lib_a-writer.o)
                0x00000000080061b0                _write_r
 .text.__swsetup_r
                0x00000000080061d4       0xb0 /Applications/STM32CubeIDE.app/Contents/Eclipse/plugins/com.st.stm32cube.ide.mcu.externaltools.gnu-tools-for-stm32.10.3-2021.10.macos64_1.0.0.202111181127/tools/bin/../lib/gcc/arm-none-eabi/10.3.1/../../../../arm-none-eabi/lib/thumb/v7e-m+dp/hard/libc.a(lib_a-wsetup.o)
                0x00000000080061d4                __swsetup_r
 .text.startup.register_fini
                0x0000000008006284       0x14 /Applications/STM32CubeIDE.app/Contents/Eclipse/plugins/com.st.stm32cube.ide.mcu.externaltools.gnu-tools-for-stm32.10.3-2021.10.macos64_1.0.0.202111181127/tools/bin/../lib/gcc/arm-none-eabi/10.3.1/../../../../arm-none-eabi/lib/thumb/v7e-m+dp/hard/libc.a(lib_a-__call_atexit.o)
 .text.abort    0x0000000008006298        0xe /Applications/STM32CubeIDE.app/Contents/Eclipse/plugins/com.st.stm32cube.ide.mcu.externaltools.gnu-tools-for-stm32.10.3-2021.10.macos64_1.0.0.202111181127/tools/bin/../lib/gcc/arm-none-eabi/10.3.1/../../../../arm-none-eabi/lib/thumb/v7e-m+dp/hard/libc.a(lib_a-abort.o)
                0x0000000008006298                abort
 .text.atexit   0x00000000080062a6        0xc /Applications/STM32CubeIDE.app/Contents/Eclipse/plugins/com.st.stm32cube.ide.mcu.externaltools.gnu-tools-for-stm32.10.3-2021.10.macos64_1.0.0.202111181127/tools/bin/../lib/gcc/arm-none-eabi/10.3.1/../../../../arm-none-eabi/lib/thumb/v7e-m+dp/hard/libc.a(lib_a-atexit.o)
                0x00000000080062a6                atexit
 *fill*         0x00000000080062b2        0x2 
 .text._close_r
                0x00000000080062b4       0x20 /Applications/STM32CubeIDE.app/Contents/Eclipse/plugins/com.st.stm32cube.ide.mcu.externaltools.gnu-tools-for-stm32.10.3-2021.10.macos64_1.0.0.202111181127/tools/bin/../lib/gcc/arm-none-eabi/10.3.1/../../../../arm-none-eabi/lib/thumb/v7e-m+dp/hard/libc.a(lib_a-closer.o)
                0x00000000080062b4                _close_r
 .text.quorem   0x00000000080062d4      0x116 /Applications/STM32CubeIDE.app/Contents/Eclipse/plugins/com.st.stm32cube.ide.mcu.externaltools.gnu-tools-for-stm32.10.3-2021.10.macos64_1.0.0.202111181127/tools/bin/../lib/gcc/arm-none-eabi/10.3.1/../../../../arm-none-eabi/lib/thumb/v7e-m+dp/hard/libc.a(lib_a-dtoa.o)
 *fill*         0x00000000080063ea        0x6 
 .text._dtoa_r  0x00000000080063f0      0xaac /Applications/STM32CubeIDE.app/Contents/Eclipse/plugins/com.st.stm32cube.ide.mcu.externaltools.gnu-tools-for-stm32.10.3-2021.10.macos64_1.0.0.202111181127/tools/bin/../lib/gcc/arm-none-eabi/10.3.1/../../../../arm-none-eabi/lib/thumb/v7e-m+dp/hard/libc.a(lib_a-dtoa.o)
                0x00000000080063f0                _dtoa_r
 .text._fclose_r
                0x0000000008006e9c       0xae /Applications/STM32CubeIDE.app/Contents/Eclipse/plugins/com.st.stm32cube.ide.mcu.externaltools.gnu-tools-for-stm32.10.3-2021.10.macos64_1.0.0.202111181127/tools/bin/../lib/gcc/arm-none-eabi/10.3.1/../../../../arm-none-eabi/lib/thumb/v7e-m+dp/hard/libc.a(lib_a-fclose.o)
                0x0000000008006e9c                _fclose_r
 *fill*         0x0000000008006f4a        0x2 
 .text.__libc_fini_array
                0x0000000008006f4c       0x28 /Applications/STM32CubeIDE.app/Contents/Eclipse/plugins/com.st.stm32cube.ide.mcu.externaltools.gnu-tools-for-stm32.10.3-2021.10.macos64_1.0.0.202111181127/tools/bin/../lib/gcc/arm-none-eabi/10.3.1/../../../../arm-none-eabi/lib/thumb/v7e-m+dp/hard/libc.a(lib_a-fini.o)
                0x0000000008006f4c                __libc_fini_array
 .text.__fputwc
                0x0000000008006f74       0x82 /Applications/STM32CubeIDE.app/Contents/Eclipse/plugins/com.st.stm32cube.ide.mcu.externaltools.gnu-tools-for-stm32.10.3-2021.10.macos64_1.0.0.202111181127/tools/bin/../lib/gcc/arm-none-eabi/10.3.1/../../../../arm-none-eabi/lib/thumb/v7e-m+dp/hard/libc.a(lib_a-fputwc.o)
                0x0000000008006f74                __fputwc
 .text._fputwc_r
                0x0000000008006ff6       0x54 /Applications/STM32CubeIDE.app/Contents/Eclipse/plugins/com.st.stm32cube.ide.mcu.externaltools.gnu-tools-for-stm32.10.3-2021.10.macos64_1.0.0.202111181127/tools/bin/../lib/gcc/arm-none-eabi/10.3.1/../../../../arm-none-eabi/lib/thumb/v7e-m+dp/hard/libc.a(lib_a-fputwc.o)
                0x0000000008006ff6                _fputwc_r
 *fill*         0x000000000800704a        0x2 
 .text.__sfvwrite_r
                0x000000000800704c      0x294 /Applications/STM32CubeIDE.app/Contents/Eclipse/plugins/com.st.stm32cube.ide.mcu.externaltools.gnu-tools-for-stm32.10.3-2021.10.macos64_1.0.0.202111181127/tools/bin/../lib/gcc/arm-none-eabi/10.3.1/../../../../arm-none-eabi/lib/thumb/v7e-m+dp/hard/libc.a(lib_a-fvwrite.o)
                0x000000000800704c                __sfvwrite_r
 .text.__locale_mb_cur_max
                0x00000000080072e0        0xc /Applications/STM32CubeIDE.app/Contents/Eclipse/plugins/com.st.stm32cube.ide.mcu.externaltools.gnu-tools-for-stm32.10.3-2021.10.macos64_1.0.0.202111181127/tools/bin/../lib/gcc/arm-none-eabi/10.3.1/../../../../arm-none-eabi/lib/thumb/v7e-m+dp/hard/libc.a(lib_a-locale.o)
                0x00000000080072e0                __locale_mb_cur_max
 .text._localeconv_r
                0x00000000080072ec        0x8 /Applications/STM32CubeIDE.app/Contents/Eclipse/plugins/com.st.stm32cube.ide.mcu.externaltools.gnu-tools-for-stm32.10.3-2021.10.macos64_1.0.0.202111181127/tools/bin/../lib/gcc/arm-none-eabi/10.3.1/../../../../arm-none-eabi/lib/thumb/v7e-m+dp/hard/libc.a(lib_a-localeconv.o)
                0x00000000080072ec                _localeconv_r
 .text._lseek_r
                0x00000000080072f4       0x24 /Applications/STM32CubeIDE.app/Contents/Eclipse/plugins/com.st.stm32cube.ide.mcu.externaltools.gnu-tools-for-stm32.10.3-2021.10.macos64_1.0.0.202111181127/tools/bin/../lib/gcc/arm-none-eabi/10.3.1/../../../../arm-none-eabi/lib/thumb/v7e-m+dp/hard/libc.a(lib_a-lseekr.o)
                0x00000000080072f4                _lseek_r
 .text.__swhatbuf_r
                0x0000000008007318       0x58 /Applications/STM32CubeIDE.app/Contents/Eclipse/plugins/com.st.stm32cube.ide.mcu.externaltools.gnu-tools-for-stm32.10.3-2021.10.macos64_1.0.0.202111181127/tools/bin/../lib/gcc/arm-none-eabi/10.3.1/../../../../arm-none-eabi/lib/thumb/v7e-m+dp/hard/libc.a(lib_a-makebuf.o)
                0x0000000008007318                __swhatbuf_r
 .text.__smakebuf_r
                0x0000000008007370       0x80 /Applications/STM32CubeIDE.app/Contents/Eclipse/plugins/com.st.stm32cube.ide.mcu.externaltools.gnu-tools-for-stm32.10.3-2021.10.macos64_1.0.0.202111181127/tools/bin/../lib/gcc/arm-none-eabi/10.3.1/../../../../arm-none-eabi/lib/thumb/v7e-m+dp/hard/libc.a(lib_a-makebuf.o)
                0x0000000008007370                __smakebuf_r
 .text.__ascii_mbtowc
                0x00000000080073f0       0x24 /Applications/STM32CubeIDE.app/Contents/Eclipse/plugins/com.st.stm32cube.ide.mcu.externaltools.gnu-tools-for-stm32.10.3-2021.10.macos64_1.0.0.202111181127/tools/bin/../lib/gcc/arm-none-eabi/10.3.1/../../../../arm-none-eabi/lib/thumb/v7e-m+dp/hard/libc.a(lib_a-mbtowc_r.o)
                0x00000000080073f0                __ascii_mbtowc
 .text.memmove  0x0000000008007414       0x34 /Applications/STM32CubeIDE.app/Contents/Eclipse/plugins/com.st.stm32cube.ide.mcu.externaltools.gnu-tools-for-stm32.10.3-2021.10.macos64_1.0.0.202111181127/tools/bin/../lib/gcc/arm-none-eabi/10.3.1/../../../../arm-none-eabi/lib/thumb/v7e-m+dp/hard/libc.a(lib_a-memmove.o)
                0x0000000008007414                memmove
 .text._Balloc  0x0000000008007448       0x4a /Applications/STM32CubeIDE.app/Contents/Eclipse/plugins/com.st.stm32cube.ide.mcu.externaltools.gnu-tools-for-stm32.10.3-2021.10.macos64_1.0.0.202111181127/tools/bin/../lib/gcc/arm-none-eabi/10.3.1/../../../../arm-none-eabi/lib/thumb/v7e-m+dp/hard/libc.a(lib_a-mprec.o)
                0x0000000008007448                _Balloc
 .text._Bfree   0x0000000008007492       0x12 /Applications/STM32CubeIDE.app/Contents/Eclipse/plugins/com.st.stm32cube.ide.mcu.externaltools.gnu-tools-for-stm32.10.3-2021.10.macos64_1.0.0.202111181127/tools/bin/../lib/gcc/arm-none-eabi/10.3.1/../../../../arm-none-eabi/lib/thumb/v7e-m+dp/hard/libc.a(lib_a-mprec.o)
                0x0000000008007492                _Bfree
 .text.__multadd
                0x00000000080074a4       0x8c /Applications/STM32CubeIDE.app/Contents/Eclipse/plugins/com.st.stm32cube.ide.mcu.externaltools.gnu-tools-for-stm32.10.3-2021.10.macos64_1.0.0.202111181127/tools/bin/../lib/gcc/arm-none-eabi/10.3.1/../../../../arm-none-eabi/lib/thumb/v7e-m+dp/hard/libc.a(lib_a-mprec.o)
                0x00000000080074a4                __multadd
 .text.__hi0bits
                0x0000000008007530       0x40 /Applications/STM32CubeIDE.app/Contents/Eclipse/plugins/com.st.stm32cube.ide.mcu.externaltools.gnu-tools-for-stm32.10.3-2021.10.macos64_1.0.0.202111181127/tools/bin/../lib/gcc/arm-none-eabi/10.3.1/../../../../arm-none-eabi/lib/thumb/v7e-m+dp/hard/libc.a(lib_a-mprec.o)
                0x0000000008007530                __hi0bits
 .text.__lo0bits
                0x0000000008007570       0x5e /Applications/STM32CubeIDE.app/Contents/Eclipse/plugins/com.st.stm32cube.ide.mcu.externaltools.gnu-tools-for-stm32.10.3-2021.10.macos64_1.0.0.202111181127/tools/bin/../lib/gcc/arm-none-eabi/10.3.1/../../../../arm-none-eabi/lib/thumb/v7e-m+dp/hard/libc.a(lib_a-mprec.o)
                0x0000000008007570                __lo0bits
 *fill*         0x00000000080075ce        0x2 
 .text.__i2b    0x00000000080075d0       0x2c /Applications/STM32CubeIDE.app/Contents/Eclipse/plugins/com.st.stm32cube.ide.mcu.externaltools.gnu-tools-for-stm32.10.3-2021.10.macos64_1.0.0.202111181127/tools/bin/../lib/gcc/arm-none-eabi/10.3.1/../../../../arm-none-eabi/lib/thumb/v7e-m+dp/hard/libc.a(lib_a-mprec.o)
                0x00000000080075d0                __i2b
 .text.__multiply
                0x00000000080075fc      0x154 /Applications/STM32CubeIDE.app/Contents/Eclipse/plugins/com.st.stm32cube.ide.mcu.externaltools.gnu-tools-for-stm32.10.3-2021.10.macos64_1.0.0.202111181127/tools/bin/../lib/gcc/arm-none-eabi/10.3.1/../../../../arm-none-eabi/lib/thumb/v7e-m+dp/hard/libc.a(lib_a-mprec.o)
                0x00000000080075fc                __multiply
 .text.__pow5mult
                0x0000000008007750       0x80 /Applications/STM32CubeIDE.app/Contents/Eclipse/plugins/com.st.stm32cube.ide.mcu.externaltools.gnu-tools-for-stm32.10.3-2021.10.macos64_1.0.0.202111181127/tools/bin/../lib/gcc/arm-none-eabi/10.3.1/../../../../arm-none-eabi/lib/thumb/v7e-m+dp/hard/libc.a(lib_a-mprec.o)
                0x0000000008007750                __pow5mult
 .text.__lshift
                0x00000000080077d0       0xe0 /Applications/STM32CubeIDE.app/Contents/Eclipse/plugins/com.st.stm32cube.ide.mcu.externaltools.gnu-tools-for-stm32.10.3-2021.10.macos64_1.0.0.202111181127/tools/bin/../lib/gcc/arm-none-eabi/10.3.1/../../../../arm-none-eabi/lib/thumb/v7e-m+dp/hard/libc.a(lib_a-mprec.o)
                0x00000000080077d0                __lshift
 .text.__mcmp   0x00000000080078b0       0x38 /Applications/STM32CubeIDE.app/Contents/Eclipse/plugins/com.st.stm32cube.ide.mcu.externaltools.gnu-tools-for-stm32.10.3-2021.10.macos64_1.0.0.202111181127/tools/bin/../lib/gcc/arm-none-eabi/10.3.1/../../../../arm-none-eabi/lib/thumb/v7e-m+dp/hard/libc.a(lib_a-mprec.o)
                0x00000000080078b0                __mcmp
 .text.__mdiff  0x00000000080078e8      0x114 /Applications/STM32CubeIDE.app/Contents/Eclipse/plugins/com.st.stm32cube.ide.mcu.externaltools.gnu-tools-for-stm32.10.3-2021.10.macos64_1.0.0.202111181127/tools/bin/../lib/gcc/arm-none-eabi/10.3.1/../../../../arm-none-eabi/lib/thumb/v7e-m+dp/hard/libc.a(lib_a-mprec.o)
                0x00000000080078e8                __mdiff
 .text.__d2b    0x00000000080079fc       0xb8 /Applications/STM32CubeIDE.app/Contents/Eclipse/plugins/com.st.stm32cube.ide.mcu.externaltools.gnu-tools-for-stm32.10.3-2021.10.macos64_1.0.0.202111181127/tools/bin/../lib/gcc/arm-none-eabi/10.3.1/../../../../arm-none-eabi/lib/thumb/v7e-m+dp/hard/libc.a(lib_a-mprec.o)
                0x00000000080079fc                __d2b
 .text._read_r  0x0000000008007ab4       0x24 /Applications/STM32CubeIDE.app/Contents/Eclipse/plugins/com.st.stm32cube.ide.mcu.externaltools.gnu-tools-for-stm32.10.3-2021.10.macos64_1.0.0.202111181127/tools/bin/../lib/gcc/arm-none-eabi/10.3.1/../../../../arm-none-eabi/lib/thumb/v7e-m+dp/hard/libc.a(lib_a-readr.o)
                0x0000000008007ab4                _read_r
 .text._realloc_r
                0x0000000008007ad8      0x348 /Applications/STM32CubeIDE.app/Contents/Eclipse/plugins/com.st.stm32cube.ide.mcu.externaltools.gnu-tools-for-stm32.10.3-2021.10.macos64_1.0.0.202111181127/tools/bin/../lib/gcc/arm-none-eabi/10.3.1/../../../../arm-none-eabi/lib/thumb/v7e-m+dp/hard/libc.a(lib_a-reallocr.o)
                0x0000000008007ad8                _realloc_r
 .text.frexp    0x0000000008007e20       0x70 /Applications/STM32CubeIDE.app/Contents/Eclipse/plugins/com.st.stm32cube.ide.mcu.externaltools.gnu-tools-for-stm32.10.3-2021.10.macos64_1.0.0.202111181127/tools/bin/../lib/gcc/arm-none-eabi/10.3.1/../../../../arm-none-eabi/lib/thumb/v7e-m+dp/hard/libc.a(lib_a-s_frexp.o)
                0x0000000008007e20                frexp
 .text._raise_r
                0x0000000008007e90       0x52 /Applications/STM32CubeIDE.app/Contents/Eclipse/plugins/com.st.stm32cube.ide.mcu.externaltools.gnu-tools-for-stm32.10.3-2021.10.macos64_1.0.0.202111181127/tools/bin/../lib/gcc/arm-none-eabi/10.3.1/../../../../arm-none-eabi/lib/thumb/v7e-m+dp/hard/libc.a(lib_a-signal.o)
                0x0000000008007e90                _raise_r
 *fill*         0x0000000008007ee2        0x2 
 .text.raise    0x0000000008007ee4       0x10 /Applications/STM32CubeIDE.app/Contents/Eclipse/plugins/com.st.stm32cube.ide.mcu.externaltools.gnu-tools-for-stm32.10.3-2021.10.macos64_1.0.0.202111181127/tools/bin/../lib/gcc/arm-none-eabi/10.3.1/../../../../arm-none-eabi/lib/thumb/v7e-m+dp/hard/libc.a(lib_a-signal.o)
                0x0000000008007ee4                raise
 .text._kill_r  0x0000000008007ef4       0x24 /Applications/STM32CubeIDE.app/Contents/Eclipse/plugins/com.st.stm32cube.ide.mcu.externaltools.gnu-tools-for-stm32.10.3-2021.10.macos64_1.0.0.202111181127/tools/bin/../lib/gcc/arm-none-eabi/10.3.1/../../../../arm-none-eabi/lib/thumb/v7e-m+dp/hard/libc.a(lib_a-signalr.o)
                0x0000000008007ef4                _kill_r
 .text._getpid_r
                0x0000000008007f18        0x4 /Applications/STM32CubeIDE.app/Contents/Eclipse/plugins/com.st.stm32cube.ide.mcu.externaltools.gnu-tools-for-stm32.10.3-2021.10.macos64_1.0.0.202111181127/tools/bin/../lib/gcc/arm-none-eabi/10.3.1/../../../../arm-none-eabi/lib/thumb/v7e-m+dp/hard/libc.a(lib_a-signalr.o)
                0x0000000008007f18                _getpid_r
 .text.strncpy  0x0000000008007f1c       0x26 /Applications/STM32CubeIDE.app/Contents/Eclipse/plugins/com.st.stm32cube.ide.mcu.externaltools.gnu-tools-for-stm32.10.3-2021.10.macos64_1.0.0.202111181127/tools/bin/../lib/gcc/arm-none-eabi/10.3.1/../../../../arm-none-eabi/lib/thumb/v7e-m+dp/hard/libc.a(lib_a-strncpy.o)
                0x0000000008007f1c                strncpy
 .text.__swbuf_r
                0x0000000008007f42       0x92 /Applications/STM32CubeIDE.app/Contents/Eclipse/plugins/com.st.stm32cube.ide.mcu.externaltools.gnu-tools-for-stm32.10.3-2021.10.macos64_1.0.0.202111181127/tools/bin/../lib/gcc/arm-none-eabi/10.3.1/../../../../arm-none-eabi/lib/thumb/v7e-m+dp/hard/libc.a(lib_a-wbuf.o)
                0x0000000008007f42                __swbuf_r
 .text._wcrtomb_r
                0x0000000008007fd4       0x2c /Applications/STM32CubeIDE.app/Contents/Eclipse/plugins/com.st.stm32cube.ide.mcu.externaltools.gnu-tools-for-stm32.10.3-2021.10.macos64_1.0.0.202111181127/tools/bin/../lib/gcc/arm-none-eabi/10.3.1/../../../../arm-none-eabi/lib/thumb/v7e-m+dp/hard/libc.a(lib_a-wcrtomb.o)
                0x0000000008007fd4                _wcrtomb_r
 .text.__ascii_wctomb
                0x0000000008008000       0x1a /Applications/STM32CubeIDE.app/Contents/Eclipse/plugins/com.st.stm32cube.ide.mcu.externaltools.gnu-tools-for-stm32.10.3-2021.10.macos64_1.0.0.202111181127/tools/bin/../lib/gcc/arm-none-eabi/10.3.1/../../../../arm-none-eabi/lib/thumb/v7e-m+dp/hard/libc.a(lib_a-wctomb_r.o)
                0x0000000008008000                __ascii_wctomb
 *fill*         0x000000000800801a        0x2 
 .text.__register_exitproc
                0x000000000800801c       0x84 /Applications/STM32CubeIDE.app/Contents/Eclipse/plugins/com.st.stm32cube.ide.mcu.externaltools.gnu-tools-for-stm32.10.3-2021.10.macos64_1.0.0.202111181127/tools/bin/../lib/gcc/arm-none-eabi/10.3.1/../../../../arm-none-eabi/lib/thumb/v7e-m+dp/hard/libc.a(lib_a-__atexit.o)
                0x000000000800801c                __register_exitproc
 .text._calloc_r
                0x00000000080080a0       0x6a /Applications/STM32CubeIDE.app/Contents/Eclipse/plugins/com.st.stm32cube.ide.mcu.externaltools.gnu-tools-for-stm32.10.3-2021.10.macos64_1.0.0.202111181127/tools/bin/../lib/gcc/arm-none-eabi/10.3.1/../../../../arm-none-eabi/lib/thumb/v7e-m+dp/hard/libc.a(lib_a-callocr.o)
                0x00000000080080a0                _calloc_r
 *fill*         0x000000000800810a        0x2 
 .text._fstat_r
                0x000000000800810c       0x24 /Applications/STM32CubeIDE.app/Contents/Eclipse/plugins/com.st.stm32cube.ide.mcu.externaltools.gnu-tools-for-stm32.10.3-2021.10.macos64_1.0.0.202111181127/tools/bin/../lib/gcc/arm-none-eabi/10.3.1/../../../../arm-none-eabi/lib/thumb/v7e-m+dp/hard/libc.a(lib_a-fstatr.o)
                0x000000000800810c                _fstat_r
 .text._isatty_r
                0x0000000008008130       0x20 /Applications/STM32CubeIDE.app/Contents/Eclipse/plugins/com.st.stm32cube.ide.mcu.externaltools.gnu-tools-for-stm32.10.3-2021.10.macos64_1.0.0.202111181127/tools/bin/../lib/gcc/arm-none-eabi/10.3.1/../../../../arm-none-eabi/lib/thumb/v7e-m+dp/hard/libc.a(lib_a-isattyr.o)
                0x0000000008008130                _isatty_r
 *(.glue_7)
 .glue_7        0x0000000008008150        0x0 linker stubs
 *(.glue_7t)
 .glue_7t       0x0000000008008150        0x0 linker stubs
 *(.eh_frame)
 .eh_frame      0x0000000008008150        0x0 /Applications/STM32CubeIDE.app/Contents/Eclipse/plugins/com.st.stm32cube.ide.mcu.externaltools.gnu-tools-for-stm32.10.3-2021.10.macos64_1.0.0.202111181127/tools/bin/../lib/gcc/arm-none-eabi/10.3.1/thumb/v7e-m+dp/hard/crtbegin.o
 *(.init)
 .init          0x0000000008008150        0x4 /Applications/STM32CubeIDE.app/Contents/Eclipse/plugins/com.st.stm32cube.ide.mcu.externaltools.gnu-tools-for-stm32.10.3-2021.10.macos64_1.0.0.202111181127/tools/bin/../lib/gcc/arm-none-eabi/10.3.1/thumb/v7e-m+dp/hard/crti.o
                0x0000000008008150                _init
 .init          0x0000000008008154        0x8 /Applications/STM32CubeIDE.app/Contents/Eclipse/plugins/com.st.stm32cube.ide.mcu.externaltools.gnu-tools-for-stm32.10.3-2021.10.macos64_1.0.0.202111181127/tools/bin/../lib/gcc/arm-none-eabi/10.3.1/thumb/v7e-m+dp/hard/crtn.o
 *(.fini)
 .fini          0x000000000800815c        0x4 /Applications/STM32CubeIDE.app/Contents/Eclipse/plugins/com.st.stm32cube.ide.mcu.externaltools.gnu-tools-for-stm32.10.3-2021.10.macos64_1.0.0.202111181127/tools/bin/../lib/gcc/arm-none-eabi/10.3.1/thumb/v7e-m+dp/hard/crti.o
                0x000000000800815c                _fini
 .fini          0x0000000008008160        0x8 /Applications/STM32CubeIDE.app/Contents/Eclipse/plugins/com.st.stm32cube.ide.mcu.externaltools.gnu-tools-for-stm32.10.3-2021.10.macos64_1.0.0.202111181127/tools/bin/../lib/gcc/arm-none-eabi/10.3.1/thumb/v7e-m+dp/hard/crtn.o
 .fini.__stub   0x0000000008008168       0x10 linker stubs
                0x0000000008008178                . = ALIGN (0x4)
                0x0000000008008178                _etext = .

.vfp11_veneer   0x0000000008008178        0x0
 .vfp11_veneer  0x0000000008008178        0x0 linker stubs

.v4_bx          0x0000000008008178        0x0
 .v4_bx         0x0000000008008178        0x0 linker stubs

.iplt           0x0000000008008178        0x0
 .iplt          0x0000000008008178        0x0 /Applications/STM32CubeIDE.app/Contents/Eclipse/plugins/com.st.stm32cube.ide.mcu.externaltools.gnu-tools-for-stm32.10.3-2021.10.macos64_1.0.0.202111181127/tools/bin/../lib/gcc/arm-none-eabi/10.3.1/thumb/v7e-m+dp/hard/crtbegin.o

.rodata         0x0000000008008178      0xa38
                0x0000000008008178                . = ALIGN (0x4)
 *(.rodata)
 *(.rodata*)
 .rodata.test_hashmap_string_throughput.str1.4
                0x0000000008008178      0x167 ./Core/Src/Benchmark/Hash_Table/test_hashmap_string.o
 *fill*         0x00000000080082df        0x1 
 .rodata.mram_read.str1.4
                0x00000000080082e0       0x48 ./Core/Src/Drivers/MRAM_driver.o
 .rodata.mram_write.str1.4
                0x0000000008008328       0x3e ./Core/Src/Drivers/MRAM_driver.o
 *fill*         0x0000000008008366        0x2 
 .rodata.main.str1.4
                0x0000000008008368       0x15 ./Core/Src/main.o
                                         0x5a (size before relaxing)
 *fill*         0x000000000800837d        0x3 
 .rodata.D1CorePrescTable
                0x0000000008008380       0x10 ./Core/Src/system_stm32h7xx.o
                0x0000000008008380                D1CorePrescTable
 .rodata.crc32_table
                0x0000000008008390      0x400 ./Core/Src/Hash_Table/Hash_Func/crc32.o
 .rodata.create_hash_map_string.str1.4
                0x0000000008008790       0x87 ./Core/Src/Hash_Table/hashmap_string.o
 .rodata.__assert_func.str1.1
                0x0000000008008817       0x3c /Applications/STM32CubeIDE.app/Contents/Eclipse/plugins/com.st.stm32cube.ide.mcu.externaltools.gnu-tools-for-stm32.10.3-2021.10.macos64_1.0.0.202111181127/tools/bin/../lib/gcc/arm-none-eabi/10.3.1/../../../../arm-none-eabi/lib/thumb/v7e-m+dp/hard/libc.a(lib_a-assert.o)
                                         0x3d (size before relaxing)
 *fill*         0x0000000008008853        0x1 
 .rodata._global_impure_ptr
                0x0000000008008854        0x4 /Applications/STM32CubeIDE.app/Contents/Eclipse/plugins/com.st.stm32cube.ide.mcu.externaltools.gnu-tools-for-stm32.10.3-2021.10.macos64_1.0.0.202111181127/tools/bin/../lib/gcc/arm-none-eabi/10.3.1/../../../../arm-none-eabi/lib/thumb/v7e-m+dp/hard/libc.a(lib_a-impure.o)
                0x0000000008008854                _global_impure_ptr
 .rodata._puts_r.str1.1
                0x0000000008008858       0x3c /Applications/STM32CubeIDE.app/Contents/Eclipse/plugins/com.st.stm32cube.ide.mcu.externaltools.gnu-tools-for-stm32.10.3-2021.10.macos64_1.0.0.202111181127/tools/bin/../lib/gcc/arm-none-eabi/10.3.1/../../../../arm-none-eabi/lib/thumb/v7e-m+dp/hard/libc.a(lib_a-puts.o)
                                          0x2 (size before relaxing)
 .rodata._vfiprintf_r.str1.1
                0x0000000008008858       0x22 /Applications/STM32CubeIDE.app/Contents/Eclipse/plugins/com.st.stm32cube.ide.mcu.externaltools.gnu-tools-for-stm32.10.3-2021.10.macos64_1.0.0.202111181127/tools/bin/../lib/gcc/arm-none-eabi/10.3.1/../../../../arm-none-eabi/lib/thumb/v7e-m+dp/hard/libc.a(lib_a-vfiprintf.o)
 .rodata.blanks.1
                0x000000000800887a       0x10 /Applications/STM32CubeIDE.app/Contents/Eclipse/plugins/com.st.stm32cube.ide.mcu.externaltools.gnu-tools-for-stm32.10.3-2021.10.macos64_1.0.0.202111181127/tools/bin/../lib/gcc/arm-none-eabi/10.3.1/../../../../arm-none-eabi/lib/thumb/v7e-m+dp/hard/libc.a(lib_a-vfiprintf.o)
 .rodata.zeroes.0
                0x000000000800888a       0x10 /Applications/STM32CubeIDE.app/Contents/Eclipse/plugins/com.st.stm32cube.ide.mcu.externaltools.gnu-tools-for-stm32.10.3-2021.10.macos64_1.0.0.202111181127/tools/bin/../lib/gcc/arm-none-eabi/10.3.1/../../../../arm-none-eabi/lib/thumb/v7e-m+dp/hard/libc.a(lib_a-vfiprintf.o)
 .rodata._vfprintf_r.str1.1
                0x000000000800889a       0x12 /Applications/STM32CubeIDE.app/Contents/Eclipse/plugins/com.st.stm32cube.ide.mcu.externaltools.gnu-tools-for-stm32.10.3-2021.10.macos64_1.0.0.202111181127/tools/bin/../lib/gcc/arm-none-eabi/10.3.1/../../../../arm-none-eabi/lib/thumb/v7e-m+dp/hard/libc.a(lib_a-vfprintf.o)
                                         0x34 (size before relaxing)
 .rodata.blanks.1
                0x00000000080088ac       0x10 /Applications/STM32CubeIDE.app/Contents/Eclipse/plugins/com.st.stm32cube.ide.mcu.externaltools.gnu-tools-for-stm32.10.3-2021.10.macos64_1.0.0.202111181127/tools/bin/../lib/gcc/arm-none-eabi/10.3.1/../../../../arm-none-eabi/lib/thumb/v7e-m+dp/hard/libc.a(lib_a-vfprintf.o)
 .rodata.zeroes.0
                0x00000000080088bc       0x10 /Applications/STM32CubeIDE.app/Contents/Eclipse/plugins/com.st.stm32cube.ide.mcu.externaltools.gnu-tools-for-stm32.10.3-2021.10.macos64_1.0.0.202111181127/tools/bin/../lib/gcc/arm-none-eabi/10.3.1/../../../../arm-none-eabi/lib/thumb/v7e-m+dp/hard/libc.a(lib_a-vfprintf.o)
 .rodata._dtoa_r.str1.1
                0x00000000080088cc       0x79 /Applications/STM32CubeIDE.app/Contents/Eclipse/plugins/com.st.stm32cube.ide.mcu.externaltools.gnu-tools-for-stm32.10.3-2021.10.macos64_1.0.0.202111181127/tools/bin/../lib/gcc/arm-none-eabi/10.3.1/../../../../arm-none-eabi/lib/thumb/v7e-m+dp/hard/libc.a(lib_a-dtoa.o)
                                         0x7b (size before relaxing)
 .rodata._setlocale_r.str1.1
                0x0000000008008945        0x8 /Applications/STM32CubeIDE.app/Contents/Eclipse/plugins/com.st.stm32cube.ide.mcu.externaltools.gnu-tools-for-stm32.10.3-2021.10.macos64_1.0.0.202111181127/tools/bin/../lib/gcc/arm-none-eabi/10.3.1/../../../../arm-none-eabi/lib/thumb/v7e-m+dp/hard/libc.a(lib_a-locale.o)
                                          0x9 (size before relaxing)
 .rodata.str1.1
                0x000000000800894d        0x2 /Applications/STM32CubeIDE.app/Contents/Eclipse/plugins/com.st.stm32cube.ide.mcu.externaltools.gnu-tools-for-stm32.10.3-2021.10.macos64_1.0.0.202111181127/tools/bin/../lib/gcc/arm-none-eabi/10.3.1/../../../../arm-none-eabi/lib/thumb/v7e-m+dp/hard/libc.a(lib_a-locale.o)
 .rodata.__multadd.str1.1
                0x000000000800894f       0x5c /Applications/STM32CubeIDE.app/Contents/Eclipse/plugins/com.st.stm32cube.ide.mcu.externaltools.gnu-tools-for-stm32.10.3-2021.10.macos64_1.0.0.202111181127/tools/bin/../lib/gcc/arm-none-eabi/10.3.1/../../../../arm-none-eabi/lib/thumb/v7e-m+dp/hard/libc.a(lib_a-mprec.o)
                                         0x6d (size before relaxing)
 *fill*         0x00000000080089ab        0x5 
 .rodata.__mprec_bigtens
                0x00000000080089b0       0x28 /Applications/STM32CubeIDE.app/Contents/Eclipse/plugins/com.st.stm32cube.ide.mcu.externaltools.gnu-tools-for-stm32.10.3-2021.10.macos64_1.0.0.202111181127/tools/bin/../lib/gcc/arm-none-eabi/10.3.1/../../../../arm-none-eabi/lib/thumb/v7e-m+dp/hard/libc.a(lib_a-mprec.o)
                0x00000000080089b0                __mprec_bigtens
 .rodata.__mprec_tens
                0x00000000080089d8       0xc8 /Applications/STM32CubeIDE.app/Contents/Eclipse/plugins/com.st.stm32cube.ide.mcu.externaltools.gnu-tools-for-stm32.10.3-2021.10.macos64_1.0.0.202111181127/tools/bin/../lib/gcc/arm-none-eabi/10.3.1/../../../../arm-none-eabi/lib/thumb/v7e-m+dp/hard/libc.a(lib_a-mprec.o)
                0x00000000080089d8                __mprec_tens
 .rodata.p05.0  0x0000000008008aa0        0xc /Applications/STM32CubeIDE.app/Contents/Eclipse/plugins/com.st.stm32cube.ide.mcu.externaltools.gnu-tools-for-stm32.10.3-2021.10.macos64_1.0.0.202111181127/tools/bin/../lib/gcc/arm-none-eabi/10.3.1/../../../../arm-none-eabi/lib/thumb/v7e-m+dp/hard/libc.a(lib_a-mprec.o)
 .rodata._ctype_
                0x0000000008008aac      0x101 /Applications/STM32CubeIDE.app/Contents/Eclipse/plugins/com.st.stm32cube.ide.mcu.externaltools.gnu-tools-for-stm32.10.3-2021.10.macos64_1.0.0.202111181127/tools/bin/../lib/gcc/arm-none-eabi/10.3.1/../../../../arm-none-eabi/lib/thumb/v7e-m+dp/hard/libc.a(lib_a-ctype_.o)
                0x0000000008008aac                _ctype_
                0x0000000008008bb0                . = ALIGN (0x4)
 *fill*         0x0000000008008bad        0x3 

.ARM.extab
 *(.ARM.extab* .gnu.linkonce.armextab.*)

.ARM            0x0000000008008bb0        0x8
                0x0000000008008bb0                __exidx_start = .
 *(.ARM.exidx*)
 .ARM.exidx     0x0000000008008bb0        0x8 /Applications/STM32CubeIDE.app/Contents/Eclipse/plugins/com.st.stm32cube.ide.mcu.externaltools.gnu-tools-for-stm32.10.3-2021.10.macos64_1.0.0.202111181127/tools/bin/../lib/gcc/arm-none-eabi/10.3.1/thumb/v7e-m+dp/hard/libgcc.a(_udivmoddi4.o)
                0x0000000008008bb8                __exidx_end = .

.rel.dyn        0x0000000008008bb8        0x0
 .rel.iplt      0x0000000008008bb8        0x0 /Applications/STM32CubeIDE.app/Contents/Eclipse/plugins/com.st.stm32cube.ide.mcu.externaltools.gnu-tools-for-stm32.10.3-2021.10.macos64_1.0.0.202111181127/tools/bin/../lib/gcc/arm-none-eabi/10.3.1/thumb/v7e-m+dp/hard/crtbegin.o

.preinit_array  0x0000000008008bb8        0x0
                0x0000000008008bb8                PROVIDE (__preinit_array_start = .)
 *(.preinit_array*)
                0x0000000008008bb8                PROVIDE (__preinit_array_end = .)

.init_array     0x0000000008008bb8        0x8
                0x0000000008008bb8                PROVIDE (__init_array_start = .)
 *(SORT_BY_NAME(.init_array.*))
 .init_array.00000
                0x0000000008008bb8        0x4 /Applications/STM32CubeIDE.app/Contents/Eclipse/plugins/com.st.stm32cube.ide.mcu.externaltools.gnu-tools-for-stm32.10.3-2021.10.macos64_1.0.0.202111181127/tools/bin/../lib/gcc/arm-none-eabi/10.3.1/../../../../arm-none-eabi/lib/thumb/v7e-m+dp/hard/libc.a(lib_a-__call_atexit.o)
 *(.init_array*)
 .init_array    0x0000000008008bbc        0x4 /Applications/STM32CubeIDE.app/Contents/Eclipse/plugins/com.st.stm32cube.ide.mcu.externaltools.gnu-tools-for-stm32.10.3-2021.10.macos64_1.0.0.202111181127/tools/bin/../lib/gcc/arm-none-eabi/10.3.1/thumb/v7e-m+dp/hard/crtbegin.o
                0x0000000008008bc0                PROVIDE (__init_array_end = .)

.fini_array     0x0000000008008bc0        0x4
                0x0000000008008bc0                PROVIDE (__fini_array_start = .)
 *(SORT_BY_NAME(.fini_array.*))
 *(.fini_array*)
 .fini_array    0x0000000008008bc0        0x4 /Applications/STM32CubeIDE.app/Contents/Eclipse/plugins/com.st.stm32cube.ide.mcu.externaltools.gnu-tools-for-stm32.10.3-2021.10.macos64_1.0.0.202111181127/tools/bin/../lib/gcc/arm-none-eabi/10.3.1/thumb/v7e-m+dp/hard/crtbegin.o
                0x0000000008008bc4                PROVIDE (__fini_array_end = .)
                0x0000000008008bc4                _sidata = LOADADDR (.data)

.data           0x0000000024000000    0x20ad0 load address 0x0000000008008bc4
                0x0000000024000000                . = ALIGN (0x4)
                0x0000000024000000                _sdata = .
 *(.data)
 *(.data*)
 .data.keys     0x0000000024000000    0x20000 ./Core/Src/main.o
                0x0000000024000000                keys
 .data.SystemCoreClock
                0x0000000024020000        0x4 ./Core/Src/system_stm32h7xx.o
                0x0000000024020000                SystemCoreClock
 .data.SystemD2Clock
                0x0000000024020004        0x4 ./Core/Src/system_stm32h7xx.o
                0x0000000024020004                SystemD2Clock
 .data.uwTickFreq
                0x0000000024020008        0x1 ./Drivers/STM32H7xx_HAL_Driver/Src/stm32h7xx_hal.o
                0x0000000024020008                uwTickFreq
 *fill*         0x0000000024020009        0x3 
 .data.uwTickPrio
                0x000000002402000c        0x4 ./Drivers/STM32H7xx_HAL_Driver/Src/stm32h7xx_hal.o
                0x000000002402000c                uwTickPrio
 .data._impure_ptr
                0x0000000024020010        0x4 /Applications/STM32CubeIDE.app/Contents/Eclipse/plugins/com.st.stm32cube.ide.mcu.externaltools.gnu-tools-for-stm32.10.3-2021.10.macos64_1.0.0.202111181127/tools/bin/../lib/gcc/arm-none-eabi/10.3.1/../../../../arm-none-eabi/lib/thumb/v7e-m+dp/hard/libc.a(lib_a-impure.o)
                0x0000000024020010                _impure_ptr
 *fill*         0x0000000024020014        0x4 
 .data.impure_data
                0x0000000024020018      0x428 /Applications/STM32CubeIDE.app/Contents/Eclipse/plugins/com.st.stm32cube.ide.mcu.externaltools.gnu-tools-for-stm32.10.3-2021.10.macos64_1.0.0.202111181127/tools/bin/../lib/gcc/arm-none-eabi/10.3.1/../../../../arm-none-eabi/lib/thumb/v7e-m+dp/hard/libc.a(lib_a-impure.o)
 .data.__malloc_av_
                0x0000000024020440      0x408 /Applications/STM32CubeIDE.app/Contents/Eclipse/plugins/com.st.stm32cube.ide.mcu.externaltools.gnu-tools-for-stm32.10.3-2021.10.macos64_1.0.0.202111181127/tools/bin/../lib/gcc/arm-none-eabi/10.3.1/../../../../arm-none-eabi/lib/thumb/v7e-m+dp/hard/libc.a(lib_a-mallocr.o)
                0x0000000024020440                __malloc_av_
 .data.__malloc_sbrk_base
                0x0000000024020848        0x4 /Applications/STM32CubeIDE.app/Contents/Eclipse/plugins/com.st.stm32cube.ide.mcu.externaltools.gnu-tools-for-stm32.10.3-2021.10.macos64_1.0.0.202111181127/tools/bin/../lib/gcc/arm-none-eabi/10.3.1/../../../../arm-none-eabi/lib/thumb/v7e-m+dp/hard/libc.a(lib_a-mallocr.o)
                0x0000000024020848                __malloc_sbrk_base
 .data.__malloc_trim_threshold
                0x000000002402084c        0x4 /Applications/STM32CubeIDE.app/Contents/Eclipse/plugins/com.st.stm32cube.ide.mcu.externaltools.gnu-tools-for-stm32.10.3-2021.10.macos64_1.0.0.202111181127/tools/bin/../lib/gcc/arm-none-eabi/10.3.1/../../../../arm-none-eabi/lib/thumb/v7e-m+dp/hard/libc.a(lib_a-mallocr.o)
                0x000000002402084c                __malloc_trim_threshold
 .data.__atexit_recursive_mutex
                0x0000000024020850        0x4 /Applications/STM32CubeIDE.app/Contents/Eclipse/plugins/com.st.stm32cube.ide.mcu.externaltools.gnu-tools-for-stm32.10.3-2021.10.macos64_1.0.0.202111181127/tools/bin/../lib/gcc/arm-none-eabi/10.3.1/../../../../arm-none-eabi/lib/thumb/v7e-m+dp/hard/libc.a(lib_a-__call_atexit.o)
                0x0000000024020850                __atexit_recursive_mutex
 .data.__global_locale
                0x0000000024020854      0x16c /Applications/STM32CubeIDE.app/Contents/Eclipse/plugins/com.st.stm32cube.ide.mcu.externaltools.gnu-tools-for-stm32.10.3-2021.10.macos64_1.0.0.202111181127/tools/bin/../lib/gcc/arm-none-eabi/10.3.1/../../../../arm-none-eabi/lib/thumb/v7e-m+dp/hard/libc.a(lib_a-locale.o)
                0x0000000024020854                __global_locale
 *(.RamFunc)
 .RamFunc       0x00000000240209c0      0x108 ./Core/Src/Drivers/MRAM_driver.o
                0x00000000240209c0                mram_write_8bit_blocks
                0x00000000240209d8                mram_write_16bit_blocks
                0x00000000240209f4                mram_write_32bit_blocks
                0x0000000024020a10                mram_write_64bit_blocks
                0x0000000024020a3c                mram_read_8bit_blocks
                0x0000000024020a54                mram_read_16bit_blocks
                0x0000000024020a70                mram_read_32bit_blocks
                0x0000000024020a8c                mram_read_64bit_blocks
                0x0000000024020ab8                mram_wipe
 .RamFunc.__stub
                0x0000000024020ac8        0x8 linker stubs
 *(.RamFunc*)
                0x0000000024020ad0                . = ALIGN (0x4)
                0x0000000024020ad0                _edata = .

.igot.plt       0x0000000024020ad0        0x0 load address 0x0000000008029694
 .igot.plt      0x0000000024020ad0        0x0 /Applications/STM32CubeIDE.app/Contents/Eclipse/plugins/com.st.stm32cube.ide.mcu.externaltools.gnu-tools-for-stm32.10.3-2021.10.macos64_1.0.0.202111181127/tools/bin/../lib/gcc/arm-none-eabi/10.3.1/thumb/v7e-m+dp/hard/crtbegin.o

.RxDecripSection
                0x0000000024020ad0       0x60 load address 0x0000000008029694
 .RxDecripSection
                0x0000000024020ad0       0x60 ./Core/Src/main.o
                0x0000000024020ad0                DMARxDscrTab

.TxDecripSection
                0x0000000024020b30       0x60 load address 0x00000000080296f4
 .TxDecripSection
                0x0000000024020b30       0x60 ./Core/Src/main.o
                0x0000000024020b30                DMATxDscrTab
                0x0000000024020b90                . = ALIGN (0x4)

.bss            0x0000000024020b90      0x1c4 load address 0x0000000008029754
                0x0000000024020b90                _sbss = .
                0x0000000024020b90                __bss_start__ = _sbss
 *(.bss)
 .bss           0x0000000024020b90       0x1c /Applications/STM32CubeIDE.app/Contents/Eclipse/plugins/com.st.stm32cube.ide.mcu.externaltools.gnu-tools-for-stm32.10.3-2021.10.macos64_1.0.0.202111181127/tools/bin/../lib/gcc/arm-none-eabi/10.3.1/thumb/v7e-m+dp/hard/crtbegin.o
 *(.bss*)
 .bss.MACAddr.0
                0x0000000024020bac        0x6 ./Core/Src/main.o
 *fill*         0x0000000024020bb2        0x2 
 .bss.TxConfig  0x0000000024020bb4       0x38 ./Core/Src/main.o
                0x0000000024020bb4                TxConfig
 .bss.hcrc      0x0000000024020bec       0x24 ./Core/Src/main.o
                0x0000000024020bec                hcrc
 .bss.heth      0x0000000024020c10       0xb0 ./Core/Src/main.o
                0x0000000024020c10                heth
 .bss.hsram1    0x0000000024020cc0       0x4c ./Core/Src/main.o
                0x0000000024020cc0                hsram1
 .bss.FMC_Initialized
                0x0000000024020d0c        0x4 ./Core/Src/stm32h7xx_hal_msp.o
 .bss.__sbrk_heap_end
                0x0000000024020d10        0x4 ./Core/Src/sysmem.o
 .bss.uwTick    0x0000000024020d14        0x4 ./Drivers/STM32H7xx_HAL_Driver/Src/stm32h7xx_hal.o
                0x0000000024020d14                uwTick
 .bss.__lock___atexit_recursive_mutex
                0x0000000024020d18        0x1 /Applications/STM32CubeIDE.app/Contents/Eclipse/plugins/com.st.stm32cube.ide.mcu.externaltools.gnu-tools-for-stm32.10.3-2021.10.macos64_1.0.0.202111181127/tools/bin/../lib/gcc/arm-none-eabi/10.3.1/../../../../arm-none-eabi/lib/thumb/v7e-m+dp/hard/libc.a(lib_a-lock.o)
                0x0000000024020d18                __lock___atexit_recursive_mutex
 .bss.__lock___malloc_recursive_mutex
                0x0000000024020d19        0x1 /Applications/STM32CubeIDE.app/Contents/Eclipse/plugins/com.st.stm32cube.ide.mcu.externaltools.gnu-tools-for-stm32.10.3-2021.10.macos64_1.0.0.202111181127/tools/bin/../lib/gcc/arm-none-eabi/10.3.1/../../../../arm-none-eabi/lib/thumb/v7e-m+dp/hard/libc.a(lib_a-lock.o)
                0x0000000024020d19                __lock___malloc_recursive_mutex
 .bss.__lock___sfp_recursive_mutex
                0x0000000024020d1a        0x1 /Applications/STM32CubeIDE.app/Contents/Eclipse/plugins/com.st.stm32cube.ide.mcu.externaltools.gnu-tools-for-stm32.10.3-2021.10.macos64_1.0.0.202111181127/tools/bin/../lib/gcc/arm-none-eabi/10.3.1/../../../../arm-none-eabi/lib/thumb/v7e-m+dp/hard/libc.a(lib_a-lock.o)
                0x0000000024020d1a                __lock___sfp_recursive_mutex
 .bss.__lock___sinit_recursive_mutex
                0x0000000024020d1b        0x1 /Applications/STM32CubeIDE.app/Contents/Eclipse/plugins/com.st.stm32cube.ide.mcu.externaltools.gnu-tools-for-stm32.10.3-2021.10.macos64_1.0.0.202111181127/tools/bin/../lib/gcc/arm-none-eabi/10.3.1/../../../../arm-none-eabi/lib/thumb/v7e-m+dp/hard/libc.a(lib_a-lock.o)
                0x0000000024020d1b                __lock___sinit_recursive_mutex
 .bss.__malloc_current_mallinfo
                0x0000000024020d1c       0x28 /Applications/STM32CubeIDE.app/Contents/Eclipse/plugins/com.st.stm32cube.ide.mcu.externaltools.gnu-tools-for-stm32.10.3-2021.10.macos64_1.0.0.202111181127/tools/bin/../lib/gcc/arm-none-eabi/10.3.1/../../../../arm-none-eabi/lib/thumb/v7e-m+dp/hard/libc.a(lib_a-mallocr.o)
                0x0000000024020d1c                __malloc_current_mallinfo
 .bss.__malloc_max_sbrked_mem
                0x0000000024020d44        0x4 /Applications/STM32CubeIDE.app/Contents/Eclipse/plugins/com.st.stm32cube.ide.mcu.externaltools.gnu-tools-for-stm32.10.3-2021.10.macos64_1.0.0.202111181127/tools/bin/../lib/gcc/arm-none-eabi/10.3.1/../../../../arm-none-eabi/lib/thumb/v7e-m+dp/hard/libc.a(lib_a-mallocr.o)
                0x0000000024020d44                __malloc_max_sbrked_mem
 .bss.__malloc_max_total_mem
                0x0000000024020d48        0x4 /Applications/STM32CubeIDE.app/Contents/Eclipse/plugins/com.st.stm32cube.ide.mcu.externaltools.gnu-tools-for-stm32.10.3-2021.10.macos64_1.0.0.202111181127/tools/bin/../lib/gcc/arm-none-eabi/10.3.1/../../../../arm-none-eabi/lib/thumb/v7e-m+dp/hard/libc.a(lib_a-mallocr.o)
                0x0000000024020d48                __malloc_max_total_mem
 .bss.__malloc_top_pad
                0x0000000024020d4c        0x4 /Applications/STM32CubeIDE.app/Contents/Eclipse/plugins/com.st.stm32cube.ide.mcu.externaltools.gnu-tools-for-stm32.10.3-2021.10.macos64_1.0.0.202111181127/tools/bin/../lib/gcc/arm-none-eabi/10.3.1/../../../../arm-none-eabi/lib/thumb/v7e-m+dp/hard/libc.a(lib_a-mallocr.o)
                0x0000000024020d4c                __malloc_top_pad
 .bss.errno     0x0000000024020d50        0x4 /Applications/STM32CubeIDE.app/Contents/Eclipse/plugins/com.st.stm32cube.ide.mcu.externaltools.gnu-tools-for-stm32.10.3-2021.10.macos64_1.0.0.202111181127/tools/bin/../lib/gcc/arm-none-eabi/10.3.1/../../../../arm-none-eabi/lib/thumb/v7e-m+dp/hard/libc.a(lib_a-reent.o)
                0x0000000024020d50                errno
 *(COMMON)
                0x0000000024020d54                . = ALIGN (0x4)
                0x0000000024020d54                _ebss = .
                0x0000000024020d54                __bss_end__ = _ebss

._user_heap_stack
                0x0000000024020d54      0x604 load address 0x0000000008029754
                0x0000000024020d58                . = ALIGN (0x8)
 *fill*         0x0000000024020d54        0x4 
                [!provide]                        PROVIDE (end = .)
                0x0000000024020d58                PROVIDE (_end = .)
                0x0000000024020f58                . = (. + _Min_Heap_Size)
 *fill*         0x0000000024020d58      0x200 
                0x0000000024021358                . = (. + _Min_Stack_Size)
 *fill*         0x0000000024020f58      0x400 
                0x0000000024021358                . = ALIGN (0x8)

/DISCARD/
 libc.a(*)
 libm.a(*)
 libgcc.a(*)

.ARM.attributes
                0x0000000000000000       0x2e
 *(.ARM.attributes)
 .ARM.attributes
                0x0000000000000000       0x1e /Applications/STM32CubeIDE.app/Contents/Eclipse/plugins/com.st.stm32cube.ide.mcu.externaltools.gnu-tools-for-stm32.10.3-2021.10.macos64_1.0.0.202111181127/tools/bin/../lib/gcc/arm-none-eabi/10.3.1/thumb/v7e-m+dp/hard/crti.o
 .ARM.attributes
                0x000000000000001e       0x32 /Applications/STM32CubeIDE.app/Contents/Eclipse/plugins/com.st.stm32cube.ide.mcu.externaltools.gnu-tools-for-stm32.10.3-2021.10.macos64_1.0.0.202111181127/tools/bin/../lib/gcc/arm-none-eabi/10.3.1/thumb/v7e-m+dp/hard/crtbegin.o
 .ARM.attributes
                0x0000000000000050       0x32 ./Core/Src/Benchmark/Hash_Table/test_hashmap_string.o
 .ARM.attributes
                0x0000000000000082       0x32 ./Core/Src/Drivers/MRAM_driver.o
 .ARM.attributes
                0x00000000000000b4       0x32 ./Core/Src/main.o
 .ARM.attributes
                0x00000000000000e6       0x32 ./Core/Src/stm32h7xx_hal_msp.o
 .ARM.attributes
                0x0000000000000118       0x32 ./Core/Src/stm32h7xx_it.o
 .ARM.attributes
                0x000000000000014a       0x32 ./Core/Src/syscalls.o
 .ARM.attributes
                0x000000000000017c       0x32 ./Core/Src/sysmem.o
 .ARM.attributes
                0x00000000000001ae       0x32 ./Core/Src/system_stm32h7xx.o
 .ARM.attributes
                0x00000000000001e0       0x32 ./Core/Src/Hash_Table/Hash_Func/crc32.o
 .ARM.attributes
                0x0000000000000212       0x32 ./Core/Src/Hash_Table/hashmap_string.o
 .ARM.attributes
                0x0000000000000244       0x21 ./Core/Startup/startup_stm32h743zitx.o
 .ARM.attributes
                0x0000000000000265       0x32 ./Drivers/STM32H7xx_HAL_Driver/Src/stm32h7xx_hal.o
 .ARM.attributes
                0x0000000000000297       0x32 ./Drivers/STM32H7xx_HAL_Driver/Src/stm32h7xx_hal_cortex.o
 .ARM.attributes
                0x00000000000002c9       0x32 ./Drivers/STM32H7xx_HAL_Driver/Src/stm32h7xx_hal_crc.o
 .ARM.attributes
                0x00000000000002fb       0x32 ./Drivers/STM32H7xx_HAL_Driver/Src/stm32h7xx_hal_crc_ex.o
 .ARM.attributes
                0x000000000000032d       0x32 ./Drivers/STM32H7xx_HAL_Driver/Src/stm32h7xx_hal_eth.o
 .ARM.attributes
                0x000000000000035f       0x32 ./Drivers/STM32H7xx_HAL_Driver/Src/stm32h7xx_hal_gpio.o
 .ARM.attributes
                0x0000000000000391       0x32 ./Drivers/STM32H7xx_HAL_Driver/Src/stm32h7xx_hal_pwr_ex.o
 .ARM.attributes
                0x00000000000003c3       0x32 ./Drivers/STM32H7xx_HAL_Driver/Src/stm32h7xx_hal_rcc.o
 .ARM.attributes
                0x00000000000003f5       0x32 ./Drivers/STM32H7xx_HAL_Driver/Src/stm32h7xx_hal_rcc_ex.o
 .ARM.attributes
                0x0000000000000427       0x32 ./Drivers/STM32H7xx_HAL_Driver/Src/stm32h7xx_hal_sram.o
 .ARM.attributes
                0x0000000000000459       0x32 ./Drivers/STM32H7xx_HAL_Driver/Src/stm32h7xx_ll_fmc.o
 .ARM.attributes
                0x000000000000048b       0x32 /Applications/STM32CubeIDE.app/Contents/Eclipse/plugins/com.st.stm32cube.ide.mcu.externaltools.gnu-tools-for-stm32.10.3-2021.10.macos64_1.0.0.202111181127/tools/bin/../lib/gcc/arm-none-eabi/10.3.1/../../../../arm-none-eabi/lib/thumb/v7e-m+dp/hard/libc.a(lib_a-assert.o)
 .ARM.attributes