../Core/Src/Hash_Table/clht_lb_mram.c:80:1:clht_type_desc	0	static
../Core/Src/Hash_Table/clht_lb_mram.c:99:1:__ac_Jenkins_hash_64	4	static
../Core/Src/Hash_Table/clht_lb_mram.c:114:1:clht_bucket_create	24	static
../Core/Src/Hash_Table/clht_lb_mram.c:174:1:clht_hashtable_create	48	static
../Core/Src/Hash_Table/clht_lb_mram.c:154:1:clht_create	24	static
../Core/Src/Hash_Table/clht_lb_mram.c:245:1:clht_hash	4	static
../Core/Src/Hash_Table/clht_lb_mram.c:262:1:clht_get	4	static
../Core/Src/Hash_Table/clht_lb_mram.c:298:1:bucket_exists	0	static
../Core/Src/Hash_Table/clht_lb_mram.c:332:1:clht_put	48	static
../Core/Src/Hash_Table/clht_lb_mram.c:430:1:clht_remove	8	static
../Core/Src/Hash_Table/clht_lb_mram.c:534:1:clht_destroy	24	static
../Core/Src/Hash_Table/clht_lb_mram.c:552:1:clht_size	0	static
../Core/Src/Hash_Table/clht_lb_mram.c:582:1:clht_print	48	static
../Core/Src/Hash_Table/clht_lb_mram.c:616:6:_map_occupy_32byte	0	static
../Core/Src/Hash_Table/clht_lb_mram.c:633:6:print_mem_map	16408	static
../Core/Src/Hash_Table/clht_lb_mram.c:663:6:print_debug	0	static
../Core/Src/Hash_Table/clht_lb_mram.c:669:6:print_stats	0	static
